<?xml version="1.0"?>
<link_info>
   <banner>TI ARM Linker Unix v5.1.1</banner>
   <copyright>Copyright (c) 1996-2013 Texas Instruments Incorporated</copyright>
   <link_time>0x52caf469</link_time>
   <link_errors>0x0</link_errors>
   <output_file>blinky.out</output_file>
   <entry_point>
      <name>_c_int00</name>
      <address>0x4629</address>
   </entry_point>
   <input_file_list>
      <input_file id="fl-4">
         <path>./</path>
         <kind>object</kind>
         <file>lm4f232h5qd_startup_ccs.obj</file>
         <name>lm4f232h5qd_startup_ccs.obj</name>
      </input_file>
      <input_file id="fl-12">
         <path>/media/windows/pi19404/CCS/ti/flash/f/usblib/ccs-cm4f/Debug/</path>
         <kind>archive</kind>
         <file>usblib-cm4f.lib</file>
         <name>usbhostenum.obj</name>
      </input_file>
      <input_file id="fl-13">
         <path>/media/windows/pi19404/CCS/ti/flash/f/usblib/ccs-cm4f/Debug/</path>
         <kind>archive</kind>
         <file>usblib-cm4f.lib</file>
         <name>usbhmsc.obj</name>
      </input_file>
      <input_file id="fl-14">
         <path>/media/windows/pi19404/CCS/ti/flash/f/usblib/ccs-cm4f/Debug/</path>
         <kind>archive</kind>
         <file>usblib-cm4f.lib</file>
         <name>usbhhub.obj</name>
      </input_file>
      <input_file id="fl-15">
         <path>/media/windows/pi19404/CCS/ti/flash/f/usblib/ccs-cm4f/Debug/</path>
         <kind>archive</kind>
         <file>usblib-cm4f.lib</file>
         <name>usbtick.obj</name>
      </input_file>
      <input_file id="fl-16">
         <path>/media/windows/pi19404/CCS/ti/flash/f/usblib/ccs-cm4f/Debug/</path>
         <kind>archive</kind>
         <file>usblib-cm4f.lib</file>
         <name>usbmode.obj</name>
      </input_file>
      <input_file id="fl-17">
         <path>/media/windows/pi19404/CCS/ti/flash/f/usblib/ccs-cm4f/Debug/</path>
         <kind>archive</kind>
         <file>usblib-cm4f.lib</file>
         <name>usbdesc.obj</name>
      </input_file>
      <input_file id="fl-18">
         <path>/media/windows/pi19404/CCS/ti/flash/f/usblib/ccs-cm4f/Debug/</path>
         <kind>archive</kind>
         <file>usblib-cm4f.lib</file>
         <name>usbdenum.obj</name>
      </input_file>
      <input_file id="fl-19">
         <path>/media/windows/pi19404/CCS/ti/flash/f/usblib/ccs-cm4f/Debug/</path>
         <kind>archive</kind>
         <file>usblib-cm4f.lib</file>
         <name>usbdconfig.obj</name>
      </input_file>
      <input_file id="fl-1a">
         <path>/media/windows/pi19404/CCS/ti/flash/f/usblib/ccs-cm4f/Debug/</path>
         <kind>archive</kind>
         <file>usblib-cm4f.lib</file>
         <name>usbdcdesc.obj</name>
      </input_file>
      <input_file id="fl-1b">
         <path>/media/windows/pi19404/CCS/ti/flash/f/usblib/ccs-cm4f/Debug/</path>
         <kind>archive</kind>
         <file>usblib-cm4f.lib</file>
         <name>usbhscsi.obj</name>
      </input_file>
      <input_file id="fl-1c">
         <path>/media/windows/pi19404/CCS/ti/flash/f/grlib/ccs-cm4f/Debug/</path>
         <kind>archive</kind>
         <file>grlib-cm4f.lib</file>
         <name>fontcm12.obj</name>
      </input_file>
      <input_file id="fl-1d">
         <path>/media/windows/pi19404/CCS/ti/flash/f/grlib/ccs-cm4f/Debug/</path>
         <kind>archive</kind>
         <file>grlib-cm4f.lib</file>
         <name>string.obj</name>
      </input_file>
      <input_file id="fl-1e">
         <path>/media/windows/pi19404/CCS/ti/flash/f/grlib/ccs-cm4f/Debug/</path>
         <kind>archive</kind>
         <file>grlib-cm4f.lib</file>
         <name>rectangle.obj</name>
      </input_file>
      <input_file id="fl-1f">
         <path>/media/windows/pi19404/CCS/ti/flash/f/grlib/ccs-cm4f/Debug/</path>
         <kind>archive</kind>
         <file>grlib-cm4f.lib</file>
         <name>line.obj</name>
      </input_file>
      <input_file id="fl-20">
         <path>/media/windows/pi19404/CCS/ti/flash/f/grlib/ccs-cm4f/Debug/</path>
         <kind>archive</kind>
         <file>grlib-cm4f.lib</file>
         <name>context.obj</name>
      </input_file>
      <input_file id="fl-21">
         <path>/media/windows/pi19404/CCS/ti/flash/f/grlib/ccs-cm4f/Debug/</path>
         <kind>archive</kind>
         <file>grlib-cm4f.lib</file>
         <name>charmap.obj</name>
      </input_file>
      <input_file id="fl-22">
         <path>/media/windows/pi19404/CCS/ti/flash/f/driverlib/ccs-cm4f/Debug/</path>
         <kind>archive</kind>
         <file>driverlib-cm4f.lib</file>
         <name>usb.obj</name>
      </input_file>
      <input_file id="fl-23">
         <path>/media/windows/pi19404/CCS/ti/flash/f/driverlib/ccs-cm4f/Debug/</path>
         <kind>archive</kind>
         <file>driverlib-cm4f.lib</file>
         <name>udma.obj</name>
      </input_file>
      <input_file id="fl-24">
         <path>/media/windows/pi19404/CCS/ti/flash/f/driverlib/ccs-cm4f/Debug/</path>
         <kind>archive</kind>
         <file>driverlib-cm4f.lib</file>
         <name>sysctl.obj</name>
      </input_file>
      <input_file id="fl-25">
         <path>/media/windows/pi19404/CCS/ti/flash/f/driverlib/ccs-cm4f/Debug/</path>
         <kind>archive</kind>
         <file>driverlib-cm4f.lib</file>
         <name>interrupt.obj</name>
      </input_file>
      <input_file id="fl-26">
         <path>/media/windows/pi19404/CCS/ti/flash/f/driverlib/ccs-cm4f/Debug/</path>
         <kind>archive</kind>
         <file>driverlib-cm4f.lib</file>
         <name>cpu.obj</name>
      </input_file>
      <input_file id="fl-27">
         <path>/media/windows/pi19404/CCS/ti/flash/f/driverlib/ccs-cm4f/Debug/</path>
         <kind>archive</kind>
         <file>driverlib-cm4f.lib</file>
         <name>adc.obj</name>
      </input_file>
      <input_file id="fl-28">
         <path>/opt/ti/ccsv5/tools/compiler/arm_5.1.1/lib/</path>
         <kind>archive</kind>
         <file>rtsv7M4_T_le_v4SPD16_eabi.lib</file>
         <name>boot.obj</name>
      </input_file>
      <input_file id="fl-2c">
         <path>/opt/ti/ccsv5/tools/compiler/arm_5.1.1/lib/</path>
         <kind>archive</kind>
         <file>rtsv7M4_T_le_v4SPD16_eabi.lib</file>
         <name>exit.obj</name>
      </input_file>
      <input_file id="fl-2d">
         <path>/opt/ti/ccsv5/tools/compiler/arm_5.1.1/lib/</path>
         <kind>archive</kind>
         <file>rtsv7M4_T_le_v4SPD16_eabi.lib</file>
         <name>fd_add_t2.obj</name>
      </input_file>
      <input_file id="fl-2e">
         <path>/opt/ti/ccsv5/tools/compiler/arm_5.1.1/lib/</path>
         <kind>archive</kind>
         <file>rtsv7M4_T_le_v4SPD16_eabi.lib</file>
         <name>fd_div_t2.obj</name>
      </input_file>
      <input_file id="fl-2f">
         <path>/opt/ti/ccsv5/tools/compiler/arm_5.1.1/lib/</path>
         <kind>archive</kind>
         <file>rtsv7M4_T_le_v4SPD16_eabi.lib</file>
         <name>fd_mul_t2.obj</name>
      </input_file>
      <input_file id="fl-30">
         <path>/opt/ti/ccsv5/tools/compiler/arm_5.1.1/lib/</path>
         <kind>archive</kind>
         <file>rtsv7M4_T_le_v4SPD16_eabi.lib</file>
         <name>fd_toi_t2.obj</name>
      </input_file>
      <input_file id="fl-31">
         <path>/opt/ti/ccsv5/tools/compiler/arm_5.1.1/lib/</path>
         <kind>archive</kind>
         <file>rtsv7M4_T_le_v4SPD16_eabi.lib</file>
         <name>fd_tou_t2.obj</name>
      </input_file>
      <input_file id="fl-33">
         <path>/opt/ti/ccsv5/tools/compiler/arm_5.1.1/lib/</path>
         <kind>archive</kind>
         <file>rtsv7M4_T_le_v4SPD16_eabi.lib</file>
         <name>i_tofd_t2.obj</name>
      </input_file>
      <input_file id="fl-34">
         <path>/opt/ti/ccsv5/tools/compiler/arm_5.1.1/lib/</path>
         <kind>archive</kind>
         <file>rtsv7M4_T_le_v4SPD16_eabi.lib</file>
         <name>memcpy_t2.obj</name>
      </input_file>
      <input_file id="fl-36">
         <path>/opt/ti/ccsv5/tools/compiler/arm_5.1.1/lib/</path>
         <kind>archive</kind>
         <file>rtsv7M4_T_le_v4SPD16_eabi.lib</file>
         <name>memset_t2.obj</name>
      </input_file>
      <input_file id="fl-3a">
         <path>/opt/ti/ccsv5/tools/compiler/arm_5.1.1/lib/</path>
         <kind>archive</kind>
         <file>rtsv7M4_T_le_v4SPD16_eabi.lib</file>
         <name>u_divt2.obj</name>
      </input_file>
      <input_file id="fl-3b">
         <path>/opt/ti/ccsv5/tools/compiler/arm_5.1.1/lib/</path>
         <kind>archive</kind>
         <file>rtsv7M4_T_le_v4SPD16_eabi.lib</file>
         <name>u_tofd_t2.obj</name>
      </input_file>
      <input_file id="fl-3e">
         <path>/opt/ti/ccsv5/tools/compiler/arm_5.1.1/lib/</path>
         <kind>archive</kind>
         <file>rtsv7M4_T_le_v4SPD16_eabi.lib</file>
         <name>args_main.obj</name>
      </input_file>
      <input_file id="fl-40">
         <path>/opt/ti/ccsv5/tools/compiler/arm_5.1.1/lib/</path>
         <kind>archive</kind>
         <file>rtsv7M4_T_le_v4SPD16_eabi.lib</file>
         <name>auto_init.obj</name>
      </input_file>
      <input_file id="fl-41">
         <path>/opt/ti/ccsv5/tools/compiler/arm_5.1.1/lib/</path>
         <kind>archive</kind>
         <file>rtsv7M4_T_le_v4SPD16_eabi.lib</file>
         <name>cpy_tbl.obj</name>
      </input_file>
      <input_file id="fl-43">
         <path>/opt/ti/ccsv5/tools/compiler/arm_5.1.1/lib/</path>
         <kind>archive</kind>
         <file>rtsv7M4_T_le_v4SPD16_eabi.lib</file>
         <name>fd_cmp_t2.obj</name>
      </input_file>
      <input_file id="fl-44">
         <path>/opt/ti/ccsv5/tools/compiler/arm_5.1.1/lib/</path>
         <kind>archive</kind>
         <file>rtsv7M4_T_le_v4SPD16_eabi.lib</file>
         <name>ll_mul_t2.obj</name>
      </input_file>
      <input_file id="fl-48">
         <path>/opt/ti/ccsv5/tools/compiler/arm_5.1.1/lib/</path>
         <kind>archive</kind>
         <file>rtsv7M4_T_le_v4SPD16_eabi.lib</file>
         <name>ull_div_t2.obj</name>
      </input_file>
      <input_file id="fl-4b">
         <path>/tmp/</path>
         <kind>object</kind>
         <file>14057WohSPB</file>
         <name>14057WohSPB</name>
      </input_file>
      <input_file id="fl-4c">
         <path>/opt/ti/ccsv5/tools/compiler/arm_5.1.1/lib/</path>
         <kind>archive</kind>
         <file>rtsv7M4_T_le_v4SPD16_eabi.lib</file>
         <name>copy_decompress_none.obj</name>
      </input_file>
      <input_file id="fl-4d">
         <path>/opt/ti/ccsv5/tools/compiler/arm_5.1.1/lib/</path>
         <kind>archive</kind>
         <file>rtsv7M4_T_le_v4SPD16_eabi.lib</file>
         <name>copy_decompress_rle.obj</name>
      </input_file>
      <input_file id="fl-4e">
         <path>/opt/ti/ccsv5/tools/compiler/arm_5.1.1/lib/</path>
         <kind>archive</kind>
         <file>rtsv7M4_T_le_v4SPD16_eabi.lib</file>
         <name>copy_zero_init.obj</name>
      </input_file>
   </input_file_list>
   <object_component_list>
      <object_component id="oc-e">
         <name>.intvecs</name>
         <load_address>0x0</load_address>
         <run_address>0x0</run_address>
         <size>0x26c</size>
         <input_file_ref idref="fl-4"/>
      </object_component>
      <object_component id="oc-1bd">
         <name>.text</name>
         <load_address>0x26c</load_address>
         <run_address>0x26c</run_address>
         <size>0x1106</size>
         <input_file_ref idref="fl-3d"/>
      </object_component>
      <object_component id="oc-1ed">
         <name>.text</name>
         <load_address>0x1372</load_address>
         <run_address>0x1372</run_address>
         <size>0x2</size>
         <input_file_ref idref="fl-3c"/>
      </object_component>
      <object_component id="oc-30">
         <name>.text</name>
         <load_address>0x1374</load_address>
         <run_address>0x1374</run_address>
         <size>0x98c</size>
         <input_file_ref idref="fl-b"/>
      </object_component>
      <object_component id="oc-8d">
         <name>.text</name>
         <load_address>0x1d00</load_address>
         <run_address>0x1d00</run_address>
         <size>0x56a</size>
         <input_file_ref idref="fl-8"/>
      </object_component>
      <object_component id="oc-121">
         <name>.text:USBHostIntHandlerInternal</name>
         <load_address>0x226c</load_address>
         <run_address>0x226c</run_address>
         <size>0x2e4</size>
         <input_file_ref idref="fl-12"/>
      </object_component>
      <object_component id="oc-290">
         <name>.text:GrFontGlyphRender</name>
         <load_address>0x2550</load_address>
         <run_address>0x2550</run_address>
         <size>0x254</size>
         <input_file_ref idref="fl-1d"/>
      </object_component>
      <object_component id="oc-2a3">
         <name>.text</name>
         <load_address>0x27a4</load_address>
         <run_address>0x27a4</run_address>
         <size>0x1f4</size>
         <input_file_ref idref="fl-48"/>
      </object_component>
      <object_component id="oc-2b">
         <name>.text</name>
         <load_address>0x2998</load_address>
         <run_address>0x2998</run_address>
         <size>0x1dc</size>
         <input_file_ref idref="fl-a"/>
      </object_component>
      <object_component id="oc-c4">
         <name>.text</name>
         <load_address>0x2b74</load_address>
         <run_address>0x2b74</run_address>
         <size>0x1b6</size>
         <input_file_ref idref="fl-2d"/>
      </object_component>
      <object_component id="oc-c8">
         <name>.text</name>
         <load_address>0x2d2c</load_address>
         <run_address>0x2d2c</run_address>
         <size>0x178</size>
         <input_file_ref idref="fl-35"/>
      </object_component>
      <object_component id="oc-3d9">
         <name>.text:USBDeviceConfig</name>
         <load_address>0x2ea4</load_address>
         <run_address>0x2ea4</run_address>
         <size>0x174</size>
         <input_file_ref idref="fl-19"/>
      </object_component>
      <object_component id="oc-323">
         <name>.text:USBDEP0StateTxConfig</name>
         <load_address>0x3018</load_address>
         <run_address>0x3018</run_address>
         <size>0x154</size>
         <input_file_ref idref="fl-18"/>
      </object_component>
      <object_component id="oc-e7">
         <name>.text</name>
         <load_address>0x316c</load_address>
         <run_address>0x316c</run_address>
         <size>0x136</size>
         <input_file_ref idref="fl-2e"/>
      </object_component>
      <object_component id="oc-e3">
         <name>.text</name>
         <load_address>0x32a2</load_address>
         <run_address>0x32a2</run_address>
         <size>0xfc</size>
         <input_file_ref idref="fl-2f"/>
      </object_component>
      <object_component id="oc-39f">
         <name>.text:USBDGetDescriptor</name>
         <load_address>0x33a0</load_address>
         <run_address>0x33a0</run_address>
         <size>0xd8</size>
         <input_file_ref idref="fl-18"/>
      </object_component>
      <object_component id="oc-25f">
         <name>.text:USBDeviceEnumHandler</name>
         <load_address>0x3478</load_address>
         <run_address>0x3478</run_address>
         <size>0xd0</size>
         <input_file_ref idref="fl-18"/>
      </object_component>
      <object_component id="oc-1b3">
         <name>.text:GrDefaultStringRenderer</name>
         <load_address>0x3548</load_address>
         <run_address>0x3548</run_address>
         <size>0xc0</size>
         <input_file_ref idref="fl-1d"/>
      </object_component>
      <object_component id="oc-bb">
         <name>.text</name>
         <load_address>0x3608</load_address>
         <run_address>0x3608</run_address>
         <size>0xc0</size>
         <input_file_ref idref="fl-32"/>
      </object_component>
      <object_component id="oc-35">
         <name>.text:USB0OTGModeIntHandler</name>
         <load_address>0x36c8</load_address>
         <run_address>0x36c8</run_address>
         <size>0xbc</size>
         <input_file_ref idref="fl-16"/>
      </object_component>
      <object_component id="oc-3ea">
         <name>.text:USBDeviceConfigAlternate</name>
         <load_address>0x3784</load_address>
         <run_address>0x3784</run_address>
         <size>0xac</size>
         <input_file_ref idref="fl-19"/>
      </object_component>
      <object_component id="oc-126">
         <name>.text:USBDeviceIntHandlerInternal</name>
         <load_address>0x3830</load_address>
         <run_address>0x3830</run_address>
         <size>0xac</size>
         <input_file_ref idref="fl-18"/>
      </object_component>
      <object_component id="oc-9b">
         <name>.text</name>
         <load_address>0x38dc</load_address>
         <run_address>0x38dc</run_address>
         <size>0xa0</size>
         <input_file_ref idref="fl-37"/>
      </object_component>
      <object_component id="oc-4e">
         <name>.text</name>
         <load_address>0x397c</load_address>
         <run_address>0x397c</run_address>
         <size>0x9c</size>
         <input_file_ref idref="fl-34"/>
      </object_component>
      <object_component id="oc-3d">
         <name>.text</name>
         <load_address>0x3a18</load_address>
         <run_address>0x3a18</run_address>
         <size>0x94</size>
         <input_file_ref idref="fl-40"/>
      </object_component>
      <object_component id="oc-3b8">
         <name>.text:USBDSetInterface</name>
         <load_address>0x3aac</load_address>
         <run_address>0x3aac</run_address>
         <size>0x88</size>
         <input_file_ref idref="fl-18"/>
      </object_component>
      <object_component id="oc-a0">
         <name>.text:GrRectFill</name>
         <load_address>0x3b34</load_address>
         <run_address>0x3b34</run_address>
         <size>0x86</size>
         <input_file_ref idref="fl-1e"/>
      </object_component>
      <object_component id="oc-3ae">
         <name>.text:USBDSetConfiguration</name>
         <load_address>0x3bbc</load_address>
         <run_address>0x3bbc</run_address>
         <size>0x80</size>
         <input_file_ref idref="fl-18"/>
      </object_component>
      <object_component id="oc-1e3">
         <name>.text:__aeabi_cdcmple</name>
         <load_address>0x3c3c</load_address>
         <run_address>0x3c3c</run_address>
         <size>0x7e</size>
         <input_file_ref idref="fl-43"/>
      </object_component>
      <object_component id="oc-2ad">
         <name>.text:__aeabi_cdrcmple</name>
         <load_address>0x3cba</load_address>
         <run_address>0x3cba</run_address>
         <size>0x7e</size>
         <input_file_ref idref="fl-43"/>
      </object_component>
      <object_component id="oc-390">
         <name>.text:USBDClearFeature</name>
         <load_address>0x3d38</load_address>
         <run_address>0x3d38</run_address>
         <size>0x7c</size>
         <input_file_ref idref="fl-18"/>
      </object_component>
      <object_component id="oc-29f">
         <name>.text</name>
         <load_address>0x3db4</load_address>
         <run_address>0x3db4</run_address>
         <size>0x78</size>
         <input_file_ref idref="fl-36"/>
      </object_component>
      <object_component id="oc-38b">
         <name>.text:USBDGetStatus</name>
         <load_address>0x3e2c</load_address>
         <run_address>0x3e2c</run_address>
         <size>0x74</size>
         <input_file_ref idref="fl-18"/>
      </object_component>
      <object_component id="oc-404">
         <name>.text:USBDevEndpointConfigSet</name>
         <load_address>0x3ea0</load_address>
         <run_address>0x3ea0</run_address>
         <size>0x72</size>
         <input_file_ref idref="fl-22"/>
      </object_component>
      <object_component id="oc-117">
         <name>.text:USBOTGSetMode</name>
         <load_address>0x3f14</load_address>
         <run_address>0x3f14</run_address>
         <size>0x6c</size>
         <input_file_ref idref="fl-16"/>
      </object_component>
      <object_component id="oc-ac">
         <name>.text:GrStringWidthGet</name>
         <load_address>0x3f80</load_address>
         <run_address>0x3f80</run_address>
         <size>0x6a</size>
         <input_file_ref idref="fl-1d"/>
      </object_component>
      <object_component id="oc-96">
         <name>.text:GrContextInit</name>
         <load_address>0x3fec</load_address>
         <run_address>0x3fec</run_address>
         <size>0x68</size>
         <input_file_ref idref="fl-20"/>
      </object_component>
      <object_component id="oc-24a">
         <name>.text:IntDisable</name>
         <load_address>0x4054</load_address>
         <run_address>0x4054</run_address>
         <size>0x68</size>
         <input_file_ref idref="fl-25"/>
      </object_component>
      <object_component id="oc-328">
         <name>.text:USBDEP0StateTx</name>
         <load_address>0x40bc</load_address>
         <run_address>0x40bc</run_address>
         <size>0x68</size>
         <input_file_ref idref="fl-18"/>
      </object_component>
      <object_component id="oc-395">
         <name>.text:USBDSetFeature</name>
         <load_address>0x4124</load_address>
         <run_address>0x4124</run_address>
         <size>0x68</size>
         <input_file_ref idref="fl-18"/>
      </object_component>
      <object_component id="oc-ef">
         <name>.text</name>
         <load_address>0x418c</load_address>
         <run_address>0x418c</run_address>
         <size>0x60</size>
         <input_file_ref idref="fl-38"/>
      </object_component>
      <object_component id="oc-30f">
         <name>.text:USBDevEndpointStatusClear</name>
         <load_address>0x41ec</load_address>
         <run_address>0x41ec</run_address>
         <size>0x5e</size>
         <input_file_ref idref="fl-22"/>
      </object_component>
      <object_component id="oc-60">
         <name>.text</name>
         <load_address>0x424a</load_address>
         <run_address>0x424a</run_address>
         <size>0x5e</size>
         <input_file_ref idref="fl-4d"/>
      </object_component>
      <object_component id="oc-88">
         <name>.text:SysCtlPeripheralEnable</name>
         <load_address>0x42a8</load_address>
         <run_address>0x42a8</run_address>
         <size>0x5c</size>
         <input_file_ref idref="fl-24"/>
      </object_component>
      <object_component id="oc-2cf">
         <name>.text:FontWideGlyphDataGet</name>
         <load_address>0x4304</load_address>
         <run_address>0x4304</run_address>
         <size>0x5a</size>
         <input_file_ref idref="fl-1d"/>
      </object_component>
      <object_component id="oc-2b1">
         <name>.text</name>
         <load_address>0x435e</load_address>
         <run_address>0x435e</run_address>
         <size>0x5a</size>
         <input_file_ref idref="fl-45"/>
      </object_component>
      <object_component id="oc-31e">
         <name>.text:USBDReadAndDispatchRequest</name>
         <load_address>0x43b8</load_address>
         <run_address>0x43b8</run_address>
         <size>0x58</size>
         <input_file_ref idref="fl-18"/>
      </object_component>
      <object_component id="oc-3f5">
         <name>.text:USBDCDConfigDescGet</name>
         <load_address>0x4410</load_address>
         <run_address>0x4410</run_address>
         <size>0x50</size>
         <input_file_ref idref="fl-1a"/>
      </object_component>
      <object_component id="oc-3c9">
         <name>.text:USBDevEndpointStallClear</name>
         <load_address>0x4460</load_address>
         <run_address>0x4460</run_address>
         <size>0x4e</size>
         <input_file_ref idref="fl-22"/>
      </object_component>
      <object_component id="oc-41b">
         <name>.text:ConfigAlternateInterfaceGet</name>
         <load_address>0x44ae</load_address>
         <run_address>0x44ae</run_address>
         <size>0x4c</size>
         <input_file_ref idref="fl-1a"/>
      </object_component>
      <object_component id="oc-3ff">
         <name>.text:GetEPDescriptorType</name>
         <load_address>0x44fa</load_address>
         <run_address>0x44fa</run_address>
         <size>0x4c</size>
         <input_file_ref idref="fl-19"/>
      </object_component>
      <object_component id="oc-3d1">
         <name>.text:USBDStringIndexFromRequest</name>
         <load_address>0x4548</load_address>
         <run_address>0x4548</run_address>
         <size>0x4c</size>
         <input_file_ref idref="fl-18"/>
      </object_component>
      <object_component id="oc-1ca">
         <name>.text:UpdateContextCharMapping</name>
         <load_address>0x4594</load_address>
         <run_address>0x4594</run_address>
         <size>0x4a</size>
         <input_file_ref idref="fl-1d"/>
      </object_component>
      <object_component id="oc-25a">
         <name>.text:USBDeviceResumeTickHandler</name>
         <load_address>0x45e0</load_address>
         <run_address>0x45e0</run_address>
         <size>0x48</size>
         <input_file_ref idref="fl-18"/>
      </object_component>
      <object_component id="oc-10">
         <name>.text</name>
         <load_address>0x4628</load_address>
         <run_address>0x4628</run_address>
         <size>0x48</size>
         <input_file_ref idref="fl-28"/>
      </object_component>
      <object_component id="oc-c0">
         <name>.text</name>
         <load_address>0x4670</load_address>
         <run_address>0x4670</run_address>
         <size>0x48</size>
         <input_file_ref idref="fl-30"/>
      </object_component>
      <object_component id="oc-3b3">
         <name>.text:USBDGetInterface</name>
         <load_address>0x46b8</load_address>
         <run_address>0x46b8</run_address>
         <size>0x44</size>
         <input_file_ref idref="fl-18"/>
      </object_component>
      <object_component id="oc-240">
         <name>.text:USBEndpointDataGet</name>
         <load_address>0x46fc</load_address>
         <run_address>0x46fc</run_address>
         <size>0x44</size>
         <input_file_ref idref="fl-22"/>
      </object_component>
      <object_component id="oc-135">
         <name>.text</name>
         <load_address>0x4740</load_address>
         <run_address>0x4740</run_address>
         <size>0x44</size>
         <input_file_ref idref="fl-41"/>
      </object_component>
      <object_component id="oc-46">
         <name>.text</name>
         <load_address>0x4784</load_address>
         <run_address>0x4784</run_address>
         <size>0x44</size>
         <input_file_ref idref="fl-2c"/>
      </object_component>
      <object_component id="oc-eb">
         <name>.text</name>
         <load_address>0x47c8</load_address>
         <run_address>0x47c8</run_address>
         <size>0x44</size>
         <input_file_ref idref="fl-31"/>
      </object_component>
      <object_component id="oc-d9">
         <name>.text</name>
         <load_address>0x480c</load_address>
         <run_address>0x480c</run_address>
         <size>0x42</size>
         <input_file_ref idref="fl-3a"/>
      </object_component>
      <object_component id="oc-2d4">
         <name>.text:FontGlyphDataGet</name>
         <load_address>0x484e</load_address>
         <run_address>0x484e</run_address>
         <size>0x3a</size>
         <input_file_ref idref="fl-1d"/>
      </object_component>
      <object_component id="oc-3fa">
         <name>.text:USBDCDConfigGetInterfaceEndpoint</name>
         <load_address>0x4888</load_address>
         <run_address>0x4888</run_address>
         <size>0x3a</size>
         <input_file_ref idref="fl-1a"/>
      </object_component>
      <object_component id="oc-40e">
         <name>.text:USBFIFOConfigSet</name>
         <load_address>0x48c2</load_address>
         <run_address>0x48c2</run_address>
         <size>0x3a</size>
         <input_file_ref idref="fl-22"/>
      </object_component>
      <object_component id="oc-409">
         <name>.text:GetEndpointFIFOSize</name>
         <load_address>0x48fc</load_address>
         <run_address>0x48fc</run_address>
         <size>0x38</size>
         <input_file_ref idref="fl-19"/>
      </object_component>
      <object_component id="oc-108">
         <name>.text:USBIntStatusControl</name>
         <load_address>0x4934</load_address>
         <run_address>0x4934</run_address>
         <size>0x38</size>
         <input_file_ref idref="fl-22"/>
      </object_component>
      <object_component id="oc-255">
         <name>.text:USBDeviceEnumResetHandler</name>
         <load_address>0x496c</load_address>
         <run_address>0x496c</run_address>
         <size>0x36</size>
         <input_file_ref idref="fl-18"/>
      </object_component>
      <object_component id="oc-21d">
         <name>.text:InternalUSBStartOfFrameTick</name>
         <load_address>0x49a4</load_address>
         <run_address>0x49a4</run_address>
         <size>0x34</size>
         <input_file_ref idref="fl-15"/>
      </object_component>
      <object_component id="oc-200">
         <name>.text:USBOTGRemovePower</name>
         <load_address>0x49d8</load_address>
         <run_address>0x49d8</run_address>
         <size>0x34</size>
         <input_file_ref idref="fl-16"/>
      </object_component>
      <object_component id="oc-428">
         <name>.text:NextConfigDescGet</name>
         <load_address>0x4a0c</load_address>
         <run_address>0x4a0c</run_address>
         <size>0x32</size>
         <input_file_ref idref="fl-1a"/>
      </object_component>
      <object_component id="oc-383">
         <name>.text:USBDevEndpointStall</name>
         <load_address>0x4a3e</load_address>
         <run_address>0x4a3e</run_address>
         <size>0x32</size>
         <input_file_ref idref="fl-22"/>
      </object_component>
      <object_component id="oc-3a9">
         <name>.text:USBDGetConfiguration</name>
         <load_address>0x4a70</load_address>
         <run_address>0x4a70</run_address>
         <size>0x30</size>
         <input_file_ref idref="fl-18"/>
      </object_component>
      <object_component id="oc-37a">
         <name>.text:USBEndpointDataPut</name>
         <load_address>0x4aa0</load_address>
         <run_address>0x4aa0</run_address>
         <size>0x30</size>
         <input_file_ref idref="fl-22"/>
      </object_component>
      <object_component id="oc-1d1">
         <name>.text:GrStringNextCharGet</name>
         <load_address>0x4ad0</load_address>
         <run_address>0x4ad0</run_address>
         <size>0x2e</size>
         <input_file_ref idref="fl-1d"/>
      </object_component>
      <object_component id="oc-231">
         <name>.text:USBEndpointDataSend</name>
         <load_address>0x4afe</load_address>
         <run_address>0x4afe</run_address>
         <size>0x2e</size>
         <input_file_ref idref="fl-22"/>
      </object_component>
      <object_component id="oc-2b6">
         <name>.text</name>
         <load_address>0x4b2c</load_address>
         <run_address>0x4b2c</run_address>
         <size>0x2e</size>
         <input_file_ref idref="fl-33"/>
      </object_component>
      <object_component id="oc-b1">
         <name>.text:GrFontBaselineGet</name>
         <load_address>0x4b5a</load_address>
         <run_address>0x4b5a</run_address>
         <size>0x2c</size>
         <input_file_ref idref="fl-1d"/>
      </object_component>
      <object_component id="oc-11c">
         <name>.text:InternalUSBHCDSendEvent</name>
         <load_address>0x4b88</load_address>
         <run_address>0x4b88</run_address>
         <size>0x2c</size>
         <input_file_ref idref="fl-12"/>
      </object_component>
      <object_component id="oc-422">
         <name>.text:USBDescGet</name>
         <load_address>0x4bb4</load_address>
         <run_address>0x4bb4</run_address>
         <size>0x2c</size>
         <input_file_ref idref="fl-17"/>
      </object_component>
      <object_component id="oc-3e0">
         <name>.text:USBDCDConfigDescGetNum</name>
         <load_address>0x4be0</load_address>
         <run_address>0x4be0</run_address>
         <size>0x2a</size>
         <input_file_ref idref="fl-1a"/>
      </object_component>
      <object_component id="oc-39a">
         <name>.text:USBDSetAddress</name>
         <load_address>0x4c0c</load_address>
         <run_address>0x4c0c</run_address>
         <size>0x28</size>
         <input_file_ref idref="fl-18"/>
      </object_component>
      <object_component id="oc-415">
         <name>.text:USBDescGetNum</name>
         <load_address>0x4c34</load_address>
         <run_address>0x4c34</run_address>
         <size>0x28</size>
         <input_file_ref idref="fl-17"/>
      </object_component>
      <object_component id="oc-23b">
         <name>.text:USBHostEndpointStatusClear</name>
         <load_address>0x4c5c</load_address>
         <run_address>0x4c5c</run_address>
         <size>0x28</size>
         <input_file_ref idref="fl-22"/>
      </object_component>
      <object_component id="oc-227">
         <name>.text:uDMAChannelModeGet</name>
         <load_address>0x4c84</load_address>
         <run_address>0x4c84</run_address>
         <size>0x28</size>
         <input_file_ref idref="fl-23"/>
      </object_component>
      <object_component id="oc-1db">
         <name>.text:GrFontInfoGet</name>
         <load_address>0x4cac</load_address>
         <run_address>0x4cac</run_address>
         <size>0x26</size>
         <input_file_ref idref="fl-1d"/>
      </object_component>
      <object_component id="oc-319">
         <name>.text:USBDevEndpointDataAck</name>
         <load_address>0x4cd2</load_address>
         <run_address>0x4cd2</run_address>
         <size>0x24</size>
         <input_file_ref idref="fl-22"/>
      </object_component>
      <object_component id="oc-1d6">
         <name>.text:GrFontGlyphDataGet</name>
         <load_address>0x4cf6</load_address>
         <run_address>0x4cf6</run_address>
         <size>0x22</size>
         <input_file_ref idref="fl-1d"/>
      </object_component>
      <object_component id="oc-22c">
         <name>.text:USBHostEndpointDataAck</name>
         <load_address>0x4d18</load_address>
         <run_address>0x4d18</run_address>
         <size>0x20</size>
         <input_file_ref idref="fl-22"/>
      </object_component>
      <object_component id="oc-df">
         <name>.text</name>
         <load_address>0x4d38</load_address>
         <run_address>0x4d38</run_address>
         <size>0x20</size>
         <input_file_ref idref="fl-3b"/>
      </object_component>
      <object_component id="oc-2c6">
         <name>.text:GrFontCodepageGet</name>
         <load_address>0x4d58</load_address>
         <run_address>0x4d58</run_address>
         <size>0x1e</size>
         <input_file_ref idref="fl-1d"/>
      </object_component>
      <object_component id="oc-3e5">
         <name>.text:USBDCDConfigGetInterface</name>
         <load_address>0x4d76</load_address>
         <run_address>0x4d76</run_address>
         <size>0x1c</size>
         <input_file_ref idref="fl-1a"/>
      </object_component>
      <object_component id="oc-36b">
         <name>.text:USBDCDStallEP0</name>
         <load_address>0x4d94</load_address>
         <run_address>0x4d94</run_address>
         <size>0x1c</size>
         <input_file_ref idref="fl-18"/>
      </object_component>
      <object_component id="oc-205">
         <name>.text:USBOTGSessionRequest</name>
         <load_address>0x4db0</load_address>
         <run_address>0x4db0</run_address>
         <size>0x1a</size>
         <input_file_ref idref="fl-22"/>
      </object_component>
      <object_component id="oc-375">
         <name>.text:USBDCDConfigDescGetSize</name>
         <load_address>0x4dca</load_address>
         <run_address>0x4dca</run_address>
         <size>0x18</size>
         <input_file_ref idref="fl-1a"/>
      </object_component>
      <object_component id="oc-3a4">
         <name>.text:USBDSetDescriptor</name>
         <load_address>0x4de4</load_address>
         <run_address>0x4de4</run_address>
         <size>0x18</size>
         <input_file_ref idref="fl-18"/>
      </object_component>
      <object_component id="oc-3bd">
         <name>.text:USBDSyncFrame</name>
         <load_address>0x4dfc</load_address>
         <run_address>0x4dfc</run_address>
         <size>0x18</size>
         <input_file_ref idref="fl-18"/>
      </object_component>
      <object_component id="oc-41">
         <name>.text</name>
         <load_address>0x4e14</load_address>
         <run_address>0x4e14</run_address>
         <size>0x18</size>
         <input_file_ref idref="fl-3e"/>
      </object_component>
      <object_component id="oc-2a7">
         <name>.text</name>
         <load_address>0x4e2c</load_address>
         <run_address>0x4e2c</run_address>
         <size>0x18</size>
         <input_file_ref idref="fl-44"/>
      </object_component>
      <object_component id="oc-309">
         <name>.text:USBHostResume</name>
         <load_address>0x4e44</load_address>
         <run_address>0x4e44</run_address>
         <size>0x14</size>
         <input_file_ref idref="fl-22"/>
      </object_component>
      <object_component id="oc-431">
         <name>.text:USBIndexWrite</name>
         <load_address>0x4e58</load_address>
         <run_address>0x4e58</run_address>
         <size>0x14</size>
         <input_file_ref idref="fl-22"/>
      </object_component>
      <object_component id="oc-83">
         <name>.text:ADCHardwareOversampleConfigure</name>
         <load_address>0x4e6c</load_address>
         <run_address>0x4e6c</run_address>
         <size>0x12</size>
         <input_file_ref idref="fl-27"/>
      </object_component>
      <object_component id="oc-19">
         <name>.text:decompress:ZI</name>
         <load_address>0x4e7e</load_address>
         <run_address>0x4e7e</run_address>
         <size>0x12</size>
         <input_file_ref idref="fl-4e"/>
      </object_component>
      <object_component id="oc-b6">
         <name>.text:GrStringDraw</name>
         <load_address>0x4e90</load_address>
         <run_address>0x4e90</run_address>
         <size>0x10</size>
         <input_file_ref idref="fl-1d"/>
      </object_component>
      <object_component id="oc-236">
         <name>.text:USBEndpointStatus</name>
         <load_address>0x4ea0</load_address>
         <run_address>0x4ea0</run_address>
         <size>0x10</size>
         <input_file_ref idref="fl-22"/>
      </object_component>
      <object_component id="oc-10d">
         <name>.text:USBHCDPowerAutomatic</name>
         <load_address>0x4eb0</load_address>
         <run_address>0x4eb0</run_address>
         <size>0x10</size>
         <input_file_ref idref="fl-12"/>
      </object_component>
      <object_component id="oc-7e">
         <name>.text:ADCSequenceDisable</name>
         <load_address>0x4ec0</load_address>
         <run_address>0x4ec0</run_address>
         <size>0xe</size>
         <input_file_ref idref="fl-27"/>
      </object_component>
      <object_component id="oc-245">
         <name>.text:USBHostPwrDisable</name>
         <load_address>0x4ece</load_address>
         <run_address>0x4ece</run_address>
         <size>0xe</size>
         <input_file_ref idref="fl-22"/>
      </object_component>
      <object_component id="oc-213">
         <name>.text:USBHostPwrEnable</name>
         <load_address>0x4edc</load_address>
         <run_address>0x4edc</run_address>
         <size>0xe</size>
         <input_file_ref idref="fl-22"/>
      </object_component>
      <object_component id="oc-14">
         <name>.text:decompress:none</name>
         <load_address>0x4eea</load_address>
         <run_address>0x4eea</run_address>
         <size>0xe</size>
         <input_file_ref idref="fl-4c"/>
      </object_component>
      <object_component id="oc-26">
         <name>.text</name>
         <load_address>0x4ef8</load_address>
         <run_address>0x4ef8</run_address>
         <size>0xc</size>
         <input_file_ref idref="fl-4"/>
      </object_component>
      <object_component id="oc-264">
         <name>.text:USBDevDisconnect</name>
         <load_address>0x4f04</load_address>
         <run_address>0x4f04</run_address>
         <size>0xa</size>
         <input_file_ref idref="fl-22"/>
      </object_component>
      <object_component id="oc-2e1">
         <name>.text:USBHostSuspend</name>
         <load_address>0x4f0e</load_address>
         <run_address>0x4f0e</run_address>
         <size>0xa</size>
         <input_file_ref idref="fl-22"/>
      </object_component>
      <object_component id="oc-222">
         <name>.text:USBIntStatusEndpoint</name>
         <load_address>0x4f18</load_address>
         <run_address>0x4f18</run_address>
         <size>0xa</size>
         <input_file_ref idref="fl-22"/>
      </object_component>
      <object_component id="oc-112">
         <name>.text:USBModeGet</name>
         <load_address>0x4f22</load_address>
         <run_address>0x4f22</run_address>
         <size>0xa</size>
         <input_file_ref idref="fl-22"/>
      </object_component>
      <object_component id="oc-296">
         <name>.text:GrMapISO8859_1_Unicode</name>
         <load_address>0x4f2c</load_address>
         <run_address>0x4f2c</run_address>
         <size>0x8</size>
         <input_file_ref idref="fl-21"/>
      </object_component>
      <object_component id="oc-218">
         <name>.text:USBOTGMode</name>
         <load_address>0x4f34</load_address>
         <run_address>0x4f34</run_address>
         <size>0x8</size>
         <input_file_ref idref="fl-22"/>
      </object_component>
      <object_component id="oc-a7">
         <name>.text:GrContextFontSet</name>
         <load_address>0x4f3c</load_address>
         <run_address>0x4f3c</run_address>
         <size>0x6</size>
         <input_file_ref idref="fl-1d"/>
      </object_component>
      <object_component id="oc-1e">
         <name>.text:decompress:rle24</name>
         <load_address>0x4f42</load_address>
         <run_address>0x4f42</run_address>
         <size>0x6</size>
         <input_file_ref idref="fl-4d"/>
      </object_component>
      <object_component id="oc-314">
         <name>.text:USBDevAddrSet</name>
         <load_address>0x4f48</load_address>
         <run_address>0x4f48</run_address>
         <size>0x4</size>
         <input_file_ref idref="fl-22"/>
      </object_component>
      <object_component id="oc-1c5">
         <name>.const:.string:g_pucCm12Data</name>
         <load_address>0x4f4c</load_address>
         <run_address>0x4f4c</run_address>
         <size>0x55f</size>
         <input_file_ref idref="fl-1c"/>
      </object_component>
      <object_component id="oc-2ab">
         <name>.const:.string:_ctypes_</name>
         <load_address>0x54ab</load_address>
         <run_address>0x54ab</run_address>
         <size>0x101</size>
         <input_file_ref idref="fl-42"/>
      </object_component>
      <object_component id="oc-a5">
         <name>.const:g_sFontCm12</name>
         <load_address>0x55ac</load_address>
         <run_address>0x55ac</run_address>
         <size>0xc8</size>
         <input_file_ref idref="fl-1c"/>
      </object_component>
      <object_component id="oc-302">
         <name>.const</name>
         <load_address>0x5674</load_address>
         <run_address>0x5674</run_address>
         <size>0x70</size>
         <input_file_ref idref="fl-25"/>
      </object_component>
      <object_component id="oc-1a8">
         <name>.const</name>
         <load_address>0x56e4</load_address>
         <run_address>0x56e4</run_address>
         <size>0x40</size>
         <input_file_ref idref="fl-24"/>
      </object_component>
      <object_component id="oc-372">
         <name>.const:g_psUSBDStdRequests</name>
         <load_address>0x5724</load_address>
         <run_address>0x5724</run_address>
         <size>0x34</size>
         <input_file_ref idref="fl-18"/>
      </object_component>
      <object_component id="oc-94">
         <name>.const:g_sCFAL96x64x16</name>
         <load_address>0x5758</load_address>
         <run_address>0x5758</run_address>
         <size>0x28</size>
         <input_file_ref idref="fl-8"/>
      </object_component>
      <object_component id="oc-1b8">
         <name>.const</name>
         <load_address>0x5780</load_address>
         <run_address>0x5780</run_address>
         <size>0x10</size>
         <input_file_ref idref="fl-20"/>
      </object_component>
      <object_component id="oc-462">
         <name>.cinit..data.load</name>
         <load_address>0x5790</load_address>
         <run_address>0x5790</run_address>
         <size>0x66</size>
      </object_component>
      <object_component id="oc-460">
         <name>__TI_handler_table</name>
         <load_address>0x57f8</load_address>
         <run_address>0x57f8</run_address>
         <size>0xc</size>
      </object_component>
      <object_component id="oc-463">
         <name>.cinit..bss.load</name>
         <load_address>0x5808</load_address>
         <run_address>0x5808</run_address>
         <size>0x8</size>
      </object_component>
      <object_component id="oc-461">
         <name>__TI_cinit_table</name>
         <load_address>0x5810</load_address>
         <run_address>0x5810</run_address>
         <size>0x10</size>
      </object_component>
      <object_component id="oc-4b">
         <name>.data</name>
         <load_address>0x20001ac8</load_address>
         <run_address>0x20001ac8</run_address>
         <size>0x4</size>
         <input_file_ref idref="fl-39"/>
      </object_component>
      <object_component id="oc-70">
         <name>.data</name>
         <load_address>0x20001ac4</load_address>
         <run_address>0x20001ac4</run_address>
         <size>0x4</size>
         <input_file_ref idref="fl-9"/>
      </object_component>
      <object_component id="oc-73">
         <name>.data</name>
         <load_address>0x20001a68</load_address>
         <run_address>0x20001a68</run_address>
         <size>0x14</size>
         <input_file_ref idref="fl-a"/>
      </object_component>
      <object_component id="oc-92">
         <name>.data</name>
         <load_address>0x20001918</load_address>
         <run_address>0x20001918</run_address>
         <size>0x120</size>
         <input_file_ref idref="fl-b"/>
      </object_component>
      <object_component id="oc-cd">
         <name>.data</name>
         <load_address>0x20001a90</load_address>
         <run_address>0x20001a90</run_address>
         <size>0xc</size>
         <input_file_ref idref="fl-35"/>
      </object_component>
      <object_component id="oc-cf">
         <name>.data</name>
         <load_address>0x20001ab4</load_address>
         <run_address>0x20001ab4</run_address>
         <size>0x8</size>
         <input_file_ref idref="fl-3c"/>
      </object_component>
      <object_component id="oc-13d">
         <name>.data</name>
         <load_address>0x20001abc</load_address>
         <run_address>0x20001abc</run_address>
         <size>0x8</size>
         <input_file_ref idref="fl-2c"/>
      </object_component>
      <object_component id="oc-1ac">
         <name>.data</name>
         <load_address>0x20001a7c</load_address>
         <run_address>0x20001a7c</run_address>
         <size>0x13</size>
         <input_file_ref idref="fl-8"/>
      </object_component>
      <object_component id="oc-1fc">
         <name>.data</name>
         <load_address>0x20001a38</load_address>
         <run_address>0x20001a38</run_address>
         <size>0x30</size>
         <input_file_ref idref="fl-12"/>
      </object_component>
      <object_component id="oc-20a">
         <name>.data</name>
         <load_address>0x20001aa8</load_address>
         <run_address>0x20001aa8</run_address>
         <size>0x9</size>
         <input_file_ref idref="fl-16"/>
      </object_component>
      <object_component id="oc-250">
         <name>.data</name>
         <load_address>0x20001a9c</load_address>
         <run_address>0x20001a9c</run_address>
         <size>0xc</size>
         <input_file_ref idref="fl-15"/>
      </object_component>
      <object_component id="oc-269">
         <name>.data</name>
         <load_address>0x20001acc</load_address>
         <run_address>0x20001acc</run_address>
         <size>0x4</size>
         <input_file_ref idref="fl-18"/>
      </object_component>
      <object_component id="oc-20f">
         <name>.bss:g_sUSBHCD</name>
         <uninitialized>true</uninitialized>
         <run_address>0x20001000</run_address>
         <size>0x5fc</size>
         <input_file_ref idref="fl-12"/>
      </object_component>
      <object_component id="oc-26a">
         <name>.bss:g_psUSBDevice</name>
         <uninitialized>true</uninitialized>
         <run_address>0x200015fc</run_address>
         <size>0x54</size>
         <input_file_ref idref="fl-18"/>
      </object_component>
      <object_component id="oc-370">
         <name>.bss:g_pucDataBufferIn</name>
         <uninitialized>true</uninitialized>
         <run_address>0x20001650</run_address>
         <size>0x40</size>
         <input_file_ref idref="fl-18"/>
      </object_component>
      <object_component id="oc-252">
         <name>.common:g_lUSBHActiveDriver</name>
         <uninitialized>true</uninitialized>
         <run_address>0x20001690</run_address>
         <size>0x18</size>
      </object_component>
      <object_component id="oc-253">
         <name>.common:g_pvDriverInstance</name>
         <uninitialized>true</uninitialized>
         <run_address>0x200016c0</run_address>
         <size>0x18</size>
      </object_component>
      <object_component id="oc-24f">
         <name>.common:g_ulUSBHIntEvents</name>
         <uninitialized>true</uninitialized>
         <run_address>0x20001704</run_address>
         <size>0x4</size>
      </object_component>
      <object_component id="oc-2f5">
         <name>.common:g_pfTickHandlers</name>
         <uninitialized>true</uninitialized>
         <run_address>0x200016a8</run_address>
         <size>0x18</size>
      </object_component>
      <object_component id="oc-2f7">
         <name>.common:g_pvTickInstance</name>
         <uninitialized>true</uninitialized>
         <run_address>0x200016d8</run_address>
         <size>0x18</size>
      </object_component>
      <object_component id="oc-20d">
         <name>.common:g_pfnUSBModeCallback</name>
         <uninitialized>true</uninitialized>
         <run_address>0x200016f0</run_address>
         <size>0x4</size>
      </object_component>
      <object_component id="oc-20c">
         <name>.common:g_ulPollRate</name>
         <uninitialized>true</uninitialized>
         <run_address>0x200016fc</run_address>
         <size>0x4</size>
      </object_component>
      <object_component id="oc-12b">
         <name>.common:g_eOTGModeState</name>
         <uninitialized>true</uninitialized>
         <run_address>0x20001714</run_address>
         <size>0x1</size>
      </object_component>
      <object_component id="oc-1ba">
         <name>.common:g_psGrLibDefaults</name>
         <uninitialized>true</uninitialized>
         <run_address>0x200016f4</run_address>
         <size>0x4</size>
      </object_component>
      <object_component id="oc-101">
         <name>.common:g_ulADCCount$8</name>
         <uninitialized>true</uninitialized>
         <run_address>0x200016f8</run_address>
         <size>0x4</size>
      </object_component>
      <object_component id="oc-77">
         <name>.common:g_ulTickCount</name>
         <uninitialized>true</uninitialized>
         <run_address>0x20001700</run_address>
         <size>0x4</size>
      </object_component>
      <object_component id="oc-ff">
         <name>.common:max1</name>
         <uninitialized>true</uninitialized>
         <run_address>0x2000170c</run_address>
         <size>0x4</size>
      </object_component>
      <object_component id="oc-fe">
         <name>.common:max2</name>
         <uninitialized>true</uninitialized>
         <run_address>0x20001710</run_address>
         <size>0x4</size>
      </object_component>
      <object_component id="oc-100">
         <name>.common:ind2</name>
         <uninitialized>true</uninitialized>
         <run_address>0x20001708</run_address>
         <size>0x4</size>
      </object_component>
      <object_component id="oc-24">
         <name>.sysmem</name>
         <uninitialized>true</uninitialized>
         <run_address>0x20000000</run_address>
         <size>0x8</size>
         <input_file_ref idref="fl-35"/>
      </object_component>
      <object_component id="oc-465">
         <name>.sysmem</name>
         <uninitialized>true</uninitialized>
         <run_address>0x20000000</run_address>
         <size>0x0</size>
      </object_component>
      <object_component id="oc-23">
         <name>.stack</name>
         <uninitialized>true</uninitialized>
         <run_address>0x20001718</run_address>
         <size>0x0</size>
         <input_file_ref idref="fl-28"/>
      </object_component>
      <object_component id="oc-464">
         <name>.stack</name>
         <uninitialized>true</uninitialized>
         <run_address>0x20001718</run_address>
         <size>0x0</size>
      </object_component>
      <object_component id="oc-f">
         <name>.debug_info</name>
         <load_address>0x0</load_address>
         <run_address>0x0</run_address>
         <size>0xeb</size>
         <input_file_ref idref="fl-4"/>
      </object_component>
      <object_component id="oc-11">
         <name>.debug_info</name>
         <load_address>0xeb</load_address>
         <run_address>0xeb</run_address>
         <size>0xf3</size>
         <input_file_ref idref="fl-28"/>
      </object_component>
      <object_component id="oc-15">
         <name>.debug_info</name>
         <load_address>0x1de</load_address>
         <run_address>0x1de</run_address>
         <size>0x194</size>
         <input_file_ref idref="fl-4c"/>
      </object_component>
      <object_component id="oc-1a">
         <name>.debug_info</name>
         <load_address>0x372</load_address>
         <run_address>0x372</run_address>
         <size>0x16a</size>
         <input_file_ref idref="fl-4e"/>
      </object_component>
      <object_component id="oc-1f">
         <name>.debug_info</name>
         <load_address>0x4dc</load_address>
         <run_address>0x4dc</run_address>
         <size>0x18e</size>
         <input_file_ref idref="fl-4d"/>
      </object_component>
      <object_component id="oc-25">
         <name>.debug_info</name>
         <load_address>0x66a</load_address>
         <run_address>0x66a</run_address>
         <size>0xcc</size>
         <input_file_ref idref="fl-4b"/>
      </object_component>
      <object_component id="oc-27">
         <name>.debug_info</name>
         <load_address>0x736</load_address>
         <run_address>0x736</run_address>
         <size>0x25f</size>
         <input_file_ref idref="fl-4"/>
      </object_component>
      <object_component id="oc-2c">
         <name>.debug_info</name>
         <load_address>0x995</load_address>
         <run_address>0x995</run_address>
         <size>0x2eb</size>
         <input_file_ref idref="fl-4b"/>
      </object_component>
      <object_component id="oc-31">
         <name>.debug_info</name>
         <load_address>0xc80</load_address>
         <run_address>0xc80</run_address>
         <size>0x71f</size>
         <input_file_ref idref="fl-4b"/>
      </object_component>
      <object_component id="oc-36">
         <name>.debug_info</name>
         <load_address>0x139f</load_address>
         <run_address>0x139f</run_address>
         <size>0x2fd</size>
         <input_file_ref idref="fl-16"/>
      </object_component>
      <object_component id="oc-3c">
         <name>.debug_info</name>
         <load_address>0x169c</load_address>
         <run_address>0x169c</run_address>
         <size>0x186</size>
         <input_file_ref idref="fl-4"/>
      </object_component>
      <object_component id="oc-3e">
         <name>.debug_info</name>
         <load_address>0x1822</load_address>
         <run_address>0x1822</run_address>
         <size>0x13d</size>
         <input_file_ref idref="fl-40"/>
      </object_component>
      <object_component id="oc-42">
         <name>.debug_info</name>
         <load_address>0x195f</load_address>
         <run_address>0x195f</run_address>
         <size>0x11c</size>
         <input_file_ref idref="fl-3e"/>
      </object_component>
      <object_component id="oc-47">
         <name>.debug_info</name>
         <load_address>0x1a7b</load_address>
         <run_address>0x1a7b</run_address>
         <size>0x1c2</size>
         <input_file_ref idref="fl-2c"/>
      </object_component>
      <object_component id="oc-4c">
         <name>.debug_info</name>
         <load_address>0x1c3d</load_address>
         <run_address>0x1c3d</run_address>
         <size>0xce</size>
         <input_file_ref idref="fl-4b"/>
      </object_component>
      <object_component id="oc-4f">
         <name>.debug_info</name>
         <load_address>0x1d0b</load_address>
         <run_address>0x1d0b</run_address>
         <size>0xcc</size>
         <input_file_ref idref="fl-34"/>
      </object_component>
      <object_component id="oc-53">
         <name>.debug_info</name>
         <load_address>0x1dd7</load_address>
         <run_address>0x1dd7</run_address>
         <size>0x46</size>
         <input_file_ref idref="fl-4c"/>
      </object_component>
      <object_component id="oc-58">
         <name>.debug_info</name>
         <load_address>0x1e1d</load_address>
         <run_address>0x1e1d</run_address>
         <size>0xf2</size>
         <input_file_ref idref="fl-4c"/>
      </object_component>
      <object_component id="oc-5a">
         <name>.debug_info</name>
         <load_address>0x1f0f</load_address>
         <run_address>0x1f0f</run_address>
         <size>0x46</size>
         <input_file_ref idref="fl-4b"/>
      </object_component>
      <object_component id="oc-5f">
         <name>.debug_info</name>
         <load_address>0x1f55</load_address>
         <run_address>0x1f55</run_address>
         <size>0xad</size>
         <input_file_ref idref="fl-4e"/>
      </object_component>
      <object_component id="oc-61">
         <name>.debug_info</name>
         <load_address>0x2002</load_address>
         <run_address>0x2002</run_address>
         <size>0x1ef</size>
         <input_file_ref idref="fl-4d"/>
      </object_component>
      <object_component id="oc-66">
         <name>.debug_info</name>
         <load_address>0x21f1</load_address>
         <run_address>0x21f1</run_address>
         <size>0xb7</size>
         <input_file_ref idref="fl-4d"/>
      </object_component>
      <object_component id="oc-67">
         <name>.debug_info</name>
         <load_address>0x22a8</load_address>
         <run_address>0x22a8</run_address>
         <size>0x39</size>
         <input_file_ref idref="fl-4d"/>
      </object_component>
      <object_component id="oc-6e">
         <name>.debug_info</name>
         <load_address>0x22e1</load_address>
         <run_address>0x22e1</run_address>
         <size>0x13be</size>
         <input_file_ref idref="fl-4b"/>
      </object_component>
      <object_component id="oc-71">
         <name>.debug_info</name>
         <load_address>0x369f</load_address>
         <run_address>0x369f</run_address>
         <size>0xd7</size>
         <input_file_ref idref="fl-4b"/>
      </object_component>
      <object_component id="oc-74">
         <name>.debug_info</name>
         <load_address>0x3776</load_address>
         <run_address>0x3776</run_address>
         <size>0x110</size>
         <input_file_ref idref="fl-4b"/>
      </object_component>
      <object_component id="oc-79">
         <name>.debug_info</name>
         <load_address>0x3886</load_address>
         <run_address>0x3886</run_address>
         <size>0x84</size>
         <input_file_ref idref="fl-4"/>
      </object_component>
      <object_component id="oc-7f">
         <name>.debug_info</name>
         <load_address>0x390a</load_address>
         <run_address>0x390a</run_address>
         <size>0x20d</size>
         <input_file_ref idref="fl-27"/>
      </object_component>
      <object_component id="oc-84">
         <name>.debug_info</name>
         <load_address>0x3b17</load_address>
         <run_address>0x3b17</run_address>
         <size>0x228</size>
         <input_file_ref idref="fl-27"/>
      </object_component>
      <object_component id="oc-89">
         <name>.debug_info</name>
         <load_address>0x3d3f</load_address>
         <run_address>0x3d3f</run_address>
         <size>0x1f0</size>
         <input_file_ref idref="fl-24"/>
      </object_component>
      <object_component id="oc-8e">
         <name>.debug_info</name>
         <load_address>0x3f2f</load_address>
         <run_address>0x3f2f</run_address>
         <size>0x1238</size>
         <input_file_ref idref="fl-4b"/>
      </object_component>
      <object_component id="oc-93">
         <name>.debug_info</name>
         <load_address>0x5167</load_address>
         <run_address>0x5167</run_address>
         <size>0x4d0</size>
         <input_file_ref idref="fl-4b"/>
      </object_component>
      <object_component id="oc-95">
         <name>.debug_info</name>
         <load_address>0x5637</load_address>
         <run_address>0x5637</run_address>
         <size>0xd5</size>
         <input_file_ref idref="fl-4b"/>
      </object_component>
      <object_component id="oc-97">
         <name>.debug_info</name>
         <load_address>0x570c</load_address>
         <run_address>0x570c</run_address>
         <size>0x1f0</size>
         <input_file_ref idref="fl-20"/>
      </object_component>
      <object_component id="oc-9c">
         <name>.debug_info</name>
         <load_address>0x58fc</load_address>
         <run_address>0x58fc</run_address>
         <size>0x31b</size>
         <input_file_ref idref="fl-4b"/>
      </object_component>
      <object_component id="oc-a1">
         <name>.debug_info</name>
         <load_address>0x5c17</load_address>
         <run_address>0x5c17</run_address>
         <size>0x1ff</size>
         <input_file_ref idref="fl-1e"/>
      </object_component>
      <object_component id="oc-a6">
         <name>.debug_info</name>
         <load_address>0x5e16</load_address>
         <run_address>0x5e16</run_address>
         <size>0x10d</size>
         <input_file_ref idref="fl-1c"/>
      </object_component>
      <object_component id="oc-a8">
         <name>.debug_info</name>
         <load_address>0x5f23</load_address>
         <run_address>0x5f23</run_address>
         <size>0x204</size>
         <input_file_ref idref="fl-1d"/>
      </object_component>
      <object_component id="oc-ad">
         <name>.debug_info</name>
         <load_address>0x6127</load_address>
         <run_address>0x6127</run_address>
         <size>0x3a5</size>
         <input_file_ref idref="fl-1d"/>
      </object_component>
      <object_component id="oc-b2">
         <name>.debug_info</name>
         <load_address>0x64cc</load_address>
         <run_address>0x64cc</run_address>
         <size>0x22f</size>
         <input_file_ref idref="fl-1d"/>
      </object_component>
      <object_component id="oc-b7">
         <name>.debug_info</name>
         <load_address>0x66fb</load_address>
         <run_address>0x66fb</run_address>
         <size>0x263</size>
         <input_file_ref idref="fl-1d"/>
      </object_component>
      <object_component id="oc-bc">
         <name>.debug_info</name>
         <load_address>0x695e</load_address>
         <run_address>0x695e</run_address>
         <size>0x17c</size>
         <input_file_ref idref="fl-4b"/>
      </object_component>
      <object_component id="oc-c1">
         <name>.debug_info</name>
         <load_address>0x6ada</load_address>
         <run_address>0x6ada</run_address>
         <size>0xe1</size>
         <input_file_ref idref="fl-30"/>
      </object_component>
      <object_component id="oc-c5">
         <name>.debug_info</name>
         <load_address>0x6bbb</load_address>
         <run_address>0x6bbb</run_address>
         <size>0xff</size>
         <input_file_ref idref="fl-2d"/>
      </object_component>
      <object_component id="oc-c9">
         <name>.debug_info</name>
         <load_address>0x6cba</load_address>
         <run_address>0x6cba</run_address>
         <size>0x353</size>
         <input_file_ref idref="fl-4b"/>
      </object_component>
      <object_component id="oc-ce">
         <name>.debug_info</name>
         <load_address>0x700d</load_address>
         <run_address>0x700d</run_address>
         <size>0x120</size>
         <input_file_ref idref="fl-4b"/>
      </object_component>
      <object_component id="oc-d0">
         <name>.debug_info</name>
         <load_address>0x712d</load_address>
         <run_address>0x712d</run_address>
         <size>0xdf</size>
         <input_file_ref idref="fl-4b"/>
      </object_component>
      <object_component id="oc-da">
         <name>.debug_info</name>
         <load_address>0x720c</load_address>
         <run_address>0x720c</run_address>
         <size>0x137</size>
         <input_file_ref idref="fl-3a"/>
      </object_component>
      <object_component id="oc-e0">
         <name>.debug_info</name>
         <load_address>0x7343</load_address>
         <run_address>0x7343</run_address>
         <size>0xe1</size>
         <input_file_ref idref="fl-3b"/>
      </object_component>
      <object_component id="oc-e4">
         <name>.debug_info</name>
         <load_address>0x7424</load_address>
         <run_address>0x7424</run_address>
         <size>0xed</size>
         <input_file_ref idref="fl-2f"/>
      </object_component>
      <object_component id="oc-e8">
         <name>.debug_info</name>
         <load_address>0x7511</load_address>
         <run_address>0x7511</run_address>
         <size>0xed</size>
         <input_file_ref idref="fl-2e"/>
      </object_component>
      <object_component id="oc-ec">
         <name>.debug_info</name>
         <load_address>0x75fe</load_address>
         <run_address>0x75fe</run_address>
         <size>0xec</size>
         <input_file_ref idref="fl-31"/>
      </object_component>
      <object_component id="oc-f0">
         <name>.debug_info</name>
         <load_address>0x76ea</load_address>
         <run_address>0x76ea</run_address>
         <size>0x29e</size>
         <input_file_ref idref="fl-4b"/>
      </object_component>
      <object_component id="oc-103">
         <name>.debug_info</name>
         <load_address>0x7988</load_address>
         <run_address>0x7988</run_address>
         <size>0x2c</size>
         <input_file_ref idref="fl-41"/>
      </object_component>
      <object_component id="oc-109">
         <name>.debug_info</name>
         <load_address>0x79b4</load_address>
         <run_address>0x79b4</run_address>
         <size>0x1e6</size>
         <input_file_ref idref="fl-22"/>
      </object_component>
      <object_component id="oc-10e">
         <name>.debug_info</name>
         <load_address>0x7b9a</load_address>
         <run_address>0x7b9a</run_address>
         <size>0x1d7</size>
         <input_file_ref idref="fl-12"/>
      </object_component>
      <object_component id="oc-113">
         <name>.debug_info</name>
         <load_address>0x7d71</load_address>
         <run_address>0x7d71</run_address>
         <size>0x1bb</size>
         <input_file_ref idref="fl-22"/>
      </object_component>
      <object_component id="oc-118">
         <name>.debug_info</name>
         <load_address>0x7f2c</load_address>
         <run_address>0x7f2c</run_address>
         <size>0x1fb</size>
         <input_file_ref idref="fl-16"/>
      </object_component>
      <object_component id="oc-11d">
         <name>.debug_info</name>
         <load_address>0x8127</load_address>
         <run_address>0x8127</run_address>
         <size>0x240</size>
         <input_file_ref idref="fl-12"/>
      </object_component>
      <object_component id="oc-122">
         <name>.debug_info</name>
         <load_address>0x8367</load_address>
         <run_address>0x8367</run_address>
         <size>0x524</size>
         <input_file_ref idref="fl-12"/>
      </object_component>
      <object_component id="oc-127">
         <name>.debug_info</name>
         <load_address>0x888b</load_address>
         <run_address>0x888b</run_address>
         <size>0x352</size>
         <input_file_ref idref="fl-18"/>
      </object_component>
      <object_component id="oc-12c">
         <name>.debug_info</name>
         <load_address>0x8bdd</load_address>
         <run_address>0x8bdd</run_address>
         <size>0x92e</size>
         <input_file_ref idref="fl-16"/>
      </object_component>
      <object_component id="oc-12e">
         <name>.debug_info</name>
         <load_address>0x950b</load_address>
         <run_address>0x950b</run_address>
         <size>0xa58</size>
         <input_file_ref idref="fl-12"/>
      </object_component>
      <object_component id="oc-136">
         <name>.debug_info</name>
         <load_address>0x9f63</load_address>
         <run_address>0x9f63</run_address>
         <size>0x14b</size>
         <input_file_ref idref="fl-41"/>
      </object_component>
      <object_component id="oc-13c">
         <name>.debug_info</name>
         <load_address>0xa0ae</load_address>
         <run_address>0xa0ae</run_address>
         <size>0x11b</size>
         <input_file_ref idref="fl-3e"/>
      </object_component>
      <object_component id="oc-13e">
         <name>.debug_info</name>
         <load_address>0xa1c9</load_address>
         <run_address>0xa1c9</run_address>
         <size>0xeb</size>
         <input_file_ref idref="fl-2c"/>
      </object_component>
      <object_component id="oc-140">
         <name>.debug_info</name>
         <load_address>0xa2b4</load_address>
         <run_address>0xa2b4</run_address>
         <size>0x146</size>
         <input_file_ref idref="fl-2c"/>
      </object_component>
      <object_component id="oc-144">
         <name>.debug_info</name>
         <load_address>0xa3fa</load_address>
         <run_address>0xa3fa</run_address>
         <size>0x2c</size>
         <input_file_ref idref="fl-4c"/>
      </object_component>
      <object_component id="oc-152">
         <name>.debug_info</name>
         <load_address>0xa426</load_address>
         <run_address>0xa426</run_address>
         <size>0x21f</size>
         <input_file_ref idref="fl-12"/>
      </object_component>
      <object_component id="oc-157">
         <name>.debug_info</name>
         <load_address>0xa645</load_address>
         <run_address>0xa645</run_address>
         <size>0x56</size>
         <input_file_ref idref="fl-4b"/>
      </object_component>
      <object_component id="oc-15b">
         <name>.debug_info</name>
         <load_address>0xa69b</load_address>
         <run_address>0xa69b</run_address>
         <size>0x172</size>
         <input_file_ref idref="fl-12"/>
      </object_component>
      <object_component id="oc-160">
         <name>.debug_info</name>
         <load_address>0xa80d</load_address>
         <run_address>0xa80d</run_address>
         <size>0x86</size>
         <input_file_ref idref="fl-12"/>
      </object_component>
      <object_component id="oc-165">
         <name>.debug_info</name>
         <load_address>0xa893</load_address>
         <run_address>0xa893</run_address>
         <size>0x6bb</size>
         <input_file_ref idref="fl-1c"/>
      </object_component>
      <object_component id="oc-16a">
         <name>.debug_info</name>
         <load_address>0xaf4e</load_address>
         <run_address>0xaf4e</run_address>
         <size>0x86</size>
         <input_file_ref idref="fl-4b"/>
      </object_component>
      <object_component id="oc-16f">
         <name>.debug_info</name>
         <load_address>0xafd4</load_address>
         <run_address>0xafd4</run_address>
         <size>0x442</size>
         <input_file_ref idref="fl-4b"/>
      </object_component>
      <object_component id="oc-174">
         <name>.debug_info</name>
         <load_address>0xb416</load_address>
         <run_address>0xb416</run_address>
         <size>0xc6</size>
         <input_file_ref idref="fl-4b"/>
      </object_component>
      <object_component id="oc-179">
         <name>.debug_info</name>
         <load_address>0xb4dc</load_address>
         <run_address>0xb4dc</run_address>
         <size>0x2c</size>
         <input_file_ref idref="fl-4b"/>
      </object_component>
      <object_component id="oc-17e">
         <name>.debug_info</name>
         <load_address>0xb508</load_address>
         <run_address>0xb508</run_address>
         <size>0xd7</size>
         <input_file_ref idref="fl-4b"/>
      </object_component>
      <object_component id="oc-183">
         <name>.debug_info</name>
         <load_address>0xb5df</load_address>
         <run_address>0xb5df</run_address>
         <size>0x2c</size>
         <input_file_ref idref="fl-12"/>
      </object_component>
      <object_component id="oc-188">
         <name>.debug_info</name>
         <load_address>0xb60b</load_address>
         <run_address>0xb60b</run_address>
         <size>0x4e</size>
         <input_file_ref idref="fl-4b"/>
      </object_component>
      <object_component id="oc-18d">
         <name>.debug_info</name>
         <load_address>0xb659</load_address>
         <run_address>0xb659</run_address>
         <size>0x69</size>
         <input_file_ref idref="fl-4b"/>
      </object_component>
      <object_component id="oc-192">
         <name>.debug_info</name>
         <load_address>0xb6c2</load_address>
         <run_address>0xb6c2</run_address>
         <size>0x62</size>
         <input_file_ref idref="fl-4b"/>
      </object_component>
      <object_component id="oc-197">
         <name>.debug_info</name>
         <load_address>0xb724</load_address>
         <run_address>0xb724</run_address>
         <size>0x86</size>
         <input_file_ref idref="fl-4b"/>
      </object_component>
      <object_component id="oc-19c">
         <name>.debug_info</name>
         <load_address>0xb7aa</load_address>
         <run_address>0xb7aa</run_address>
         <size>0x2c</size>
         <input_file_ref idref="fl-13"/>
      </object_component>
      <object_component id="oc-1a6">
         <name>.debug_info</name>
         <load_address>0xb7d6</load_address>
         <run_address>0xb7d6</run_address>
         <size>0x1f1</size>
         <input_file_ref idref="fl-27"/>
      </object_component>
      <object_component id="oc-1a9">
         <name>.debug_info</name>
         <load_address>0xb9c7</load_address>
         <run_address>0xb9c7</run_address>
         <size>0x1b4</size>
         <input_file_ref idref="fl-24"/>
      </object_component>
      <object_component id="oc-1ab">
         <name>.debug_info</name>
         <load_address>0xbb7b</load_address>
         <run_address>0xbb7b</run_address>
         <size>0x2b7</size>
         <input_file_ref idref="fl-24"/>
      </object_component>
      <object_component id="oc-1ad">
         <name>.debug_info</name>
         <load_address>0xbe32</load_address>
         <run_address>0xbe32</run_address>
         <size>0xe5</size>
         <input_file_ref idref="fl-4b"/>
      </object_component>
      <object_component id="oc-1b4">
         <name>.debug_info</name>
         <load_address>0xbf17</load_address>
         <run_address>0xbf17</run_address>
         <size>0x408</size>
         <input_file_ref idref="fl-1d"/>
      </object_component>
      <object_component id="oc-1b9">
         <name>.debug_info</name>
         <load_address>0xc31f</load_address>
         <run_address>0xc31f</run_address>
         <size>0x128</size>
         <input_file_ref idref="fl-20"/>
      </object_component>
      <object_component id="oc-1bb">
         <name>.debug_info</name>
         <load_address>0xc447</load_address>
         <run_address>0xc447</run_address>
         <size>0x425</size>
         <input_file_ref idref="fl-20"/>
      </object_component>
      <object_component id="oc-1be">
         <name>.debug_info</name>
         <load_address>0xc86c</load_address>
         <run_address>0xc86c</run_address>
         <size>0x1674</size>
         <input_file_ref idref="fl-4b"/>
      </object_component>
      <object_component id="oc-1c4">
         <name>.debug_info</name>
         <load_address>0xdee0</load_address>
         <run_address>0xdee0</run_address>
         <size>0x39a</size>
         <input_file_ref idref="fl-1e"/>
      </object_component>
      <object_component id="oc-1c6">
         <name>.debug_info</name>
         <load_address>0xe27a</load_address>
         <run_address>0xe27a</run_address>
         <size>0x110</size>
         <input_file_ref idref="fl-1c"/>
      </object_component>
      <object_component id="oc-1c9">
         <name>.debug_info</name>
         <load_address>0xe38a</load_address>
         <run_address>0xe38a</run_address>
         <size>0x31f</size>
         <input_file_ref idref="fl-1c"/>
      </object_component>
      <object_component id="oc-1cb">
         <name>.debug_info</name>
         <load_address>0xe6a9</load_address>
         <run_address>0xe6a9</run_address>
         <size>0x229</size>
         <input_file_ref idref="fl-1d"/>
      </object_component>
      <object_component id="oc-1d0">
         <name>.debug_info</name>
         <load_address>0xe8d2</load_address>
         <run_address>0xe8d2</run_address>
         <size>0x4c2</size>
         <input_file_ref idref="fl-1d"/>
      </object_component>
      <object_component id="oc-1d2">
         <name>.debug_info</name>
         <load_address>0xed94</load_address>
         <run_address>0xed94</run_address>
         <size>0x269</size>
         <input_file_ref idref="fl-1d"/>
      </object_component>
      <object_component id="oc-1d7">
         <name>.debug_info</name>
         <load_address>0xeffd</load_address>
         <run_address>0xeffd</run_address>
         <size>0x275</size>
         <input_file_ref idref="fl-1d"/>
      </object_component>
      <object_component id="oc-1dc">
         <name>.debug_info</name>
         <load_address>0xf272</load_address>
         <run_address>0xf272</run_address>
         <size>0x2a8</size>
         <input_file_ref idref="fl-1d"/>
      </object_component>
      <object_component id="oc-1e4">
         <name>.debug_info</name>
         <load_address>0xf51a</load_address>
         <run_address>0xf51a</run_address>
         <size>0xdb</size>
         <input_file_ref idref="fl-43"/>
      </object_component>
      <object_component id="oc-1ee">
         <name>.debug_info</name>
         <load_address>0xf5f5</load_address>
         <run_address>0xf5f5</run_address>
         <size>0xe4</size>
         <input_file_ref idref="fl-4b"/>
      </object_component>
      <object_component id="oc-1fb">
         <name>.debug_info</name>
         <load_address>0xf6d9</load_address>
         <run_address>0xf6d9</run_address>
         <size>0x1c4</size>
         <input_file_ref idref="fl-22"/>
      </object_component>
      <object_component id="oc-1fd">
         <name>.debug_info</name>
         <load_address>0xf89d</load_address>
         <run_address>0xf89d</run_address>
         <size>0x1eb</size>
         <input_file_ref idref="fl-12"/>
      </object_component>
      <object_component id="oc-201">
         <name>.debug_info</name>
         <load_address>0xfa88</load_address>
         <run_address>0xfa88</run_address>
         <size>0x247</size>
         <input_file_ref idref="fl-16"/>
      </object_component>
      <object_component id="oc-206">
         <name>.debug_info</name>
         <load_address>0xfccf</load_address>
         <run_address>0xfccf</run_address>
         <size>0x1f5</size>
         <input_file_ref idref="fl-22"/>
      </object_component>
      <object_component id="oc-20b">
[...]
      <symbol id="sm-4de">
         <name>USBDevEndpointStallClear</name>
         <value>0x4461</value>
         <object_component_ref idref="oc-3c9"/>
      </symbol>
      <symbol id="sm-4df">
         <name>USBEndpointDataPut</name>
         <value>0x4aa1</value>
         <object_component_ref idref="oc-37a"/>
      </symbol>
      <symbol id="sm-4e0">
         <name>USBDevAddrSet</name>
         <value>0x4f49</value>
         <object_component_ref idref="oc-314"/>
      </symbol>
      <symbol id="sm-4e1">
         <name>USBIntStatusControl</name>
         <value>0x4935</value>
         <object_component_ref idref="oc-108"/>
      </symbol>
      <symbol id="sm-4e2">
         <name>USBOTGSessionRequest</name>
         <value>0x4db1</value>
         <object_component_ref idref="oc-205"/>
      </symbol>
      <symbol id="sm-4e3">
         <name>USBDevEndpointDataAck</name>
         <value>0x4cd3</value>
         <object_component_ref idref="oc-319"/>
      </symbol>
      <symbol id="sm-4e4">
         <name>USBOTGMode</name>
         <value>0x4f35</value>
         <object_component_ref idref="oc-218"/>
      </symbol>
      <symbol id="sm-4e5">
         <name>USBEndpointDataGet</name>
         <value>0x46fd</value>
         <object_component_ref idref="oc-240"/>
      </symbol>
      <symbol id="sm-4e6">
         <name>USBDevEndpointStatusClear</name>
         <value>0x41ed</value>
         <object_component_ref idref="oc-30f"/>
      </symbol>
      <symbol id="sm-4e7">
         <name>USBModeGet</name>
         <value>0x4f23</value>
         <object_component_ref idref="oc-112"/>
      </symbol>
      <symbol id="sm-4e8">
         <name>USBHostPwrDisable</name>
         <value>0x4ecf</value>
         <object_component_ref idref="oc-245"/>
      </symbol>
      <symbol id="sm-4e9">
         <name>USBHostEndpointStatusClear</name>
         <value>0x4c5d</value>
         <object_component_ref idref="oc-23b"/>
      </symbol>
      <symbol id="sm-4ea">
         <name>USBHostSuspend</name>
         <value>0x4f0f</value>
         <object_component_ref idref="oc-2e1"/>
      </symbol>
      <symbol id="sm-4eb">
         <name>USBFIFOConfigSet</name>
         <value>0x48c3</value>
         <object_component_ref idref="oc-40e"/>
      </symbol>
      <symbol id="sm-4ec">
         <name>USBEndpointDataSend</name>
         <value>0x4aff</value>
         <object_component_ref idref="oc-231"/>
      </symbol>
      <symbol id="sm-4ed">
         <name>USBIntStatusEndpoint</name>
         <value>0x4f19</value>
         <object_component_ref idref="oc-222"/>
      </symbol>
      <symbol id="sm-4ee">
         <name>USBHostPwrEnable</name>
         <value>0x4edd</value>
         <object_component_ref idref="oc-213"/>
      </symbol>
      <symbol id="sm-4ef">
         <name>USBHostEndpointDataAck</name>
         <value>0x4d19</value>
         <object_component_ref idref="oc-22c"/>
      </symbol>
      <symbol id="sm-4f0">
         <name>USBEndpointStatus</name>
         <value>0x4ea1</value>
         <object_component_ref idref="oc-236"/>
      </symbol>
      <symbol id="sm-4f1">
         <name>USBDevEndpointStall</name>
         <value>0x4a3f</value>
         <object_component_ref idref="oc-383"/>
      </symbol>
      <symbol id="sm-4f2">
         <name>USBDevEndpointConfigSet</name>
         <value>0x3ea1</value>
         <object_component_ref idref="oc-404"/>
      </symbol>
      <symbol id="sm-4f3">
         <name>USBHostResume</name>
         <value>0x4e45</value>
         <object_component_ref idref="oc-309"/>
      </symbol>
      <symbol id="sm-501">
         <name>uDMAChannelModeGet</name>
         <value>0x4c85</value>
         <object_component_ref idref="oc-227"/>
      </symbol>
      <symbol id="sm-520">
         <name>SysCtlPeripheralEnable</name>
         <value>0x42a9</value>
         <object_component_ref idref="oc-88"/>
      </symbol>
      <symbol id="sm-545">
         <name>IntDisable</name>
         <value>0x4055</value>
         <object_component_ref idref="oc-24a"/>
      </symbol>
      <symbol id="sm-55b">
         <name>ADCHardwareOversampleConfigure</name>
         <value>0x4e6d</value>
         <object_component_ref idref="oc-83"/>
      </symbol>
      <symbol id="sm-55c">
         <name>ADCSequenceDisable</name>
         <value>0x4ec1</value>
         <object_component_ref idref="oc-7e"/>
      </symbol>
      <symbol id="sm-56b">
         <name>_c_int00</name>
         <value>0x4629</value>
         <object_component_ref idref="oc-10"/>
      </symbol>
      <symbol id="sm-56c">
         <name>__stack</name>
         <value>0x20001718</value>
         <object_component_ref idref="oc-23"/>
      </symbol>
      <symbol id="sm-588">
         <name>C$$EXIT</name>
         <value>0x4785</value>
         <object_component_ref idref="oc-46"/>
      </symbol>
      <symbol id="sm-589">
         <name>abort</name>
         <value>0x4789</value>
         <object_component_ref idref="oc-46"/>
      </symbol>
      <symbol id="sm-58a">
         <name>exit</name>
         <value>0x4791</value>
         <object_component_ref idref="oc-46"/>
      </symbol>
      <symbol id="sm-58b">
         <name>__TI_dtors_ptr</name>
         <value>0x20001ac0</value>
         <object_component_ref idref="oc-13d"/>
      </symbol>
      <symbol id="sm-58c">
         <name>__TI_cleanup_ptr</name>
         <value>0x20001abc</value>
         <object_component_ref idref="oc-13d"/>
      </symbol>
      <symbol id="sm-5a2">
         <name>__aeabi_dsub</name>
         <value>0x2b75</value>
         <object_component_ref idref="oc-c4"/>
      </symbol>
      <symbol id="sm-5a3">
         <name>__aeabi_dadd</name>
         <value>0x2b7f</value>
         <object_component_ref idref="oc-c4"/>
      </symbol>
      <symbol id="sm-5b6">
         <name>__aeabi_ddiv</name>
         <value>0x316d</value>
         <object_component_ref idref="oc-e7"/>
      </symbol>
      <symbol id="sm-5c0">
         <name>__aeabi_dmul</name>
         <value>0x32a3</value>
         <object_component_ref idref="oc-e3"/>
      </symbol>
      <symbol id="sm-5c9">
         <name>__aeabi_d2iz</name>
         <value>0x4671</value>
         <object_component_ref idref="oc-c0"/>
      </symbol>
      <symbol id="sm-5d2">
         <name>__aeabi_d2uiz</name>
         <value>0x47c9</value>
         <object_component_ref idref="oc-eb"/>
      </symbol>
      <symbol id="sm-5db">
         <name>__aeabi_i2d</name>
         <value>0x4b2d</value>
         <object_component_ref idref="oc-2b6"/>
      </symbol>
      <symbol id="sm-5f5">
         <name>memcpy</name>
         <value>0x397d</value>
         <object_component_ref idref="oc-4e"/>
      </symbol>
      <symbol id="sm-5f6">
         <name>__aeabi_memcpy</name>
         <value>0x397d</value>
         <object_component_ref idref="oc-4e"/>
      </symbol>
      <symbol id="sm-5f7">
         <name>__aeabi_memcpy8</name>
         <value>0x397d</value>
         <object_component_ref idref="oc-4e"/>
      </symbol>
      <symbol id="sm-5f8">
         <name>__aeabi_memcpy4</name>
         <value>0x397d</value>
         <object_component_ref idref="oc-4e"/>
      </symbol>
      <symbol id="sm-606">
         <name>__aeabi_memset</name>
         <value>0x3db7</value>
         <object_component_ref idref="oc-29f"/>
      </symbol>
      <symbol id="sm-607">
         <name>memset</name>
         <value>0x3dbd</value>
         <object_component_ref idref="oc-29f"/>
      </symbol>
      <symbol id="sm-608">
         <name>__aeabi_memset8</name>
         <value>0x3db7</value>
         <object_component_ref idref="oc-29f"/>
      </symbol>
      <symbol id="sm-609">
         <name>__aeabi_memset4</name>
         <value>0x3db7</value>
         <object_component_ref idref="oc-29f"/>
      </symbol>
      <symbol id="sm-60a">
         <name>__aeabi_memclr8</name>
         <value>0x3db5</value>
         <object_component_ref idref="oc-29f"/>
      </symbol>
      <symbol id="sm-60b">
         <name>__aeabi_memclr4</name>
         <value>0x3db5</value>
         <object_component_ref idref="oc-29f"/>
      </symbol>
      <symbol id="sm-60c">
         <name>__aeabi_memclr</name>
         <value>0x3db5</value>
         <object_component_ref idref="oc-29f"/>
      </symbol>
      <symbol id="sm-61b">
         <name>__aeabi_uidivmod</name>
         <value>0x480d</value>
         <object_component_ref idref="oc-d9"/>
      </symbol>
      <symbol id="sm-624">
         <name>__aeabi_ui2d</name>
         <value>0x4d39</value>
         <object_component_ref idref="oc-df"/>
      </symbol>
      <symbol id="sm-637">
         <name>_args_main</name>
         <value>0x4e15</value>
         <object_component_ref idref="oc-41"/>
      </symbol>
      <symbol id="sm-653">
         <name>__TI_auto_init</name>
         <value>0x3a19</value>
         <object_component_ref idref="oc-3d"/>
      </symbol>
      <symbol id="sm-670">
         <name>copy_in</name>
         <value>0x4741</value>
         <object_component_ref idref="oc-135"/>
      </symbol>
      <symbol id="sm-690">
         <name>__aeabi_cdcmpeq</name>
         <value>0x3c3d</value>
         <object_component_ref idref="oc-1e3"/>
      </symbol>
      <symbol id="sm-691">
         <name>__aeabi_cdcmple</name>
         <value>0x3c3d</value>
         <object_component_ref idref="oc-1e3"/>
      </symbol>
      <symbol id="sm-692">
         <name>__aeabi_cdrcmple</name>
         <value>0x3cbb</value>
         <object_component_ref idref="oc-2ad"/>
      </symbol>
      <symbol id="sm-69a">
         <name>__aeabi_lmul</name>
         <value>0x4e2d</value>
         <object_component_ref idref="oc-2a7"/>
      </symbol>
      <symbol id="sm-6b5">
         <name>__aeabi_uldivmod</name>
         <value>0x27a5</value>
         <object_component_ref idref="oc-2a3"/>
      </symbol>
      <symbol id="sm-938">
         <name>g_ulTickCount</name>
         <value>0x20001700</value>
      </symbol>
      <symbol id="sm-939">
         <name>max1</name>
         <value>0x2000170c</value>
      </symbol>
      <symbol id="sm-93a">
         <name>max2</name>
         <value>0x20001710</value>
      </symbol>
      <symbol id="sm-93b">
         <name>ind2</name>
         <value>0x20001708</value>
      </symbol>
      <symbol id="sm-93c">
         <name>snprintf</name>
         <value>0x392d</value>
         <object_component_ref idref="oc-9b"/>
      </symbol>
      <symbol id="sm-93d">
         <name>buffer</name>
         <value>0x20001988</value>
         <object_component_ref idref="oc-92"/>
      </symbol>
      <symbol id="sm-93e">
         <name>_sys_memory</name>
         <value>0x20000000</value>
         <object_component_ref idref="oc-24"/>
      </symbol>
      <symbol id="sm-93f">
         <name>SysTickIntHandler</name>
         <value>0x2b65</value>
         <object_component_ref idref="oc-2b"/>
      </symbol>
      <symbol id="sm-940">
         <name>AcquireStart</name>
         <value>0x175f</value>
         <object_component_ref idref="oc-30"/>
      </symbol>
      <symbol id="sm-941">
         <name>AcquireInit</name>
         <value>0x1375</value>
         <object_component_ref idref="oc-30"/>
      </symbol>
      <symbol id="sm-942">
         <name>_ctypes_</name>
         <value>0x54ab</value>
         <object_component_ref idref="oc-2ab"/>
      </symbol>
      <symbol id="sm-943">
         <name>g_ulADCSeq</name>
         <value>0x2000193c</value>
         <object_component_ref idref="oc-92"/>
      </symbol>
      <symbol id="sm-944">
         <name>__TI_printfi</name>
         <value>0x1113</value>
         <object_component_ref idref="oc-1bd"/>
      </symbol>
      <symbol id="sm-945">
         <name>sprintf</name>
         <value>0x41af</value>
         <object_component_ref idref="oc-ef"/>
      </symbol>
      <symbol id="sm-946">
         <name>led_on</name>
         <value>0x2999</value>
         <object_component_ref idref="oc-2b"/>
      </symbol>
      <symbol id="sm-947">
         <name>PULSE_SAMPLE</name>
         <value>0x20001950</value>
         <object_component_ref idref="oc-92"/>
      </symbol>
      <symbol id="sm-948">
         <name>ADC0SS0Handler</name>
         <value>0x1ca1</value>
         <object_component_ref idref="oc-30"/>
      </symbol>
      <symbol id="sm-949">
         <name>res1</name>
         <value>0x20001938</value>
         <object_component_ref idref="oc-92"/>
      </symbol>
      <symbol id="sm-94a">
         <name>_nop</name>
         <value>0x1373</value>
         <object_component_ref idref="oc-1ed"/>
      </symbol>
      <symbol id="sm-94b">
         <name>floor</name>
         <value>0x3609</value>
         <object_component_ref idref="oc-bb"/>
      </symbol>
      <symbol id="sm-94c">
         <name>ltoa</name>
         <value>0x435f</value>
         <object_component_ref idref="oc-2b1"/>
      </symbol>
      <symbol id="sm-94d">
         <name>g_ulADCData</name>
         <value>0x20001990</value>
         <object_component_ref idref="oc-92"/>
      </symbol>
      <symbol id="sm-94e">
         <name>sRect2</name>
         <value>0x200019a0</value>
         <object_component_ref idref="oc-92"/>
      </symbol>
      <symbol id="sm-94f">
         <name>sRect1</name>
         <value>0x20001998</value>
         <object_component_ref idref="oc-92"/>
      </symbol>
      <symbol id="sm-950">
         <name>k</name>
         <value>0x20001924</value>
         <object_component_ref idref="oc-92"/>
      </symbol>
      <symbol id="sm-951">
         <name>j</name>
         <value>0x20001980</value>
         <object_component_ref idref="oc-92"/>
      </symbol>
      <symbol id="sm-952">
         <name>i</name>
         <value>0x2000197c</value>
         <object_component_ref idref="oc-92"/>
      </symbol>
      <symbol id="sm-953">
         <name>result</name>
         <value>0x20001968</value>
         <object_component_ref idref="oc-92"/>
      </symbol>
      <symbol id="sm-954">
         <name>distance</name>
         <value>0x20001918</value>
         <object_component_ref idref="oc-92"/>
      </symbol>
      <symbol id="sm-955">
         <name>res</name>
         <value>0x20001934</value>
         <object_component_ref idref="oc-92"/>
      </symbol>
      <symbol id="sm-956">
         <name>rem</name>
         <value>0x20001960</value>
         <object_component_ref idref="oc-92"/>
      </symbol>
      <symbol id="sm-957">
         <name>buffer_size</name>
         <value>0x20001958</value>
         <object_component_ref idref="oc-92"/>
      </symbol>
      <symbol id="sm-958">
         <name>g_sCFAL96x64x16</name>
         <value>0x5758</value>
         <object_component_ref idref="oc-94"/>
      </symbol>
      <symbol id="sm-959">
         <name>main</name>
         <value>0x2b61</value>
         <object_component_ref idref="oc-2b"/>
      </symbol>
      <symbol id="sm-95a">
         <name>sDisplayContext</name>
         <value>0x200019a8</value>
         <object_component_ref idref="oc-92"/>
      </symbol>
      <symbol id="sm-95b">
         <name>_lock</name>
         <value>0x20001ab4</value>
         <object_component_ref idref="oc-cf"/>
      </symbol>
      <symbol id="sm-95c">
         <name>lambda</name>
         <value>0x2000191c</value>
         <object_component_ref idref="oc-92"/>
      </symbol>
      <symbol id="sm-95d">
         <name>filter</name>
         <value>0x20001964</value>
         <object_component_ref idref="oc-92"/>
      </symbol>
      <symbol id="sm-95e">
         <name>findex</name>
         <value>0x20001930</value>
         <object_component_ref idref="oc-92"/>
      </symbol>
      <symbol id="sm-95f">
         <name>result_size</name>
         <value>0x2000195c</value>
         <object_component_ref idref="oc-92"/>
      </symbol>
      <symbol id="sm-960">
         <name>rindex</name>
         <value>0x2000192c</value>
         <object_component_ref idref="oc-92"/>
      </symbol>
      <symbol id="sm-961">
         <name>_unlock</name>
         <value>0x20001ab8</value>
         <object_component_ref idref="oc-cf"/>
      </symbol>
      <symbol id="sm-962">
         <name>init</name>
         <value>0x29d1</value>
         <object_component_ref idref="oc-2b"/>
      </symbol>
      <symbol id="sm-963">
         <name>maxi1</name>
         <value>0x20001970</value>
         <object_component_ref idref="oc-92"/>
      </symbol>
      <symbol id="sm-964">
         <name>maxi2</name>
         <value>0x20001974</value>
         <object_component_ref idref="oc-92"/>
      </symbol>
      <symbol id="sm-965">
         <name>CFAL96x64x16Init</name>
         <value>0x20c5</value>
         <object_component_ref idref="oc-8d"/>
      </symbol>
      <symbol id="sm-966">
         <name>buffer_index</name>
         <value>0x20001978</value>
         <object_component_ref idref="oc-92"/>
      </symbol>
      <symbol id="sm-967">
         <name>runmode</name>
         <value>0x20001a6c</value>
         <object_component_ref idref="oc-73"/>
      </symbol>
      <symbol id="sm-968">
         <name>mode1</name>
         <value>0x2000196c</value>
         <object_component_ref idref="oc-92"/>
      </symbol>
      <symbol id="sm-969">
         <name>main_func_sp</name>
         <value>0x20001ac8</value>
         <object_component_ref idref="oc-4b"/>
      </symbol>
      <symbol id="sm-96a">
         <name>malloc</name>
         <value>0x2db7</value>
         <object_component_ref idref="oc-c8"/>
      </symbol>
      <symbol id="sm-96b">
         <name>mode</name>
         <value>0x20001a68</value>
         <object_component_ref idref="oc-73"/>
      </symbol>
      <symbol id="sm-96c">
         <name>AcquireRun</name>
         <value>0x1805</value>
         <object_component_ref idref="oc-30"/>
      </symbol>
      <symbol id="sm-96d">
         <name>buffer_increment</name>
         <value>0x20001954</value>
         <object_component_ref idref="oc-92"/>
      </symbol>
      <symbol id="sm-96e">
         <name>led_off</name>
         <value>0x29b5</value>
         <object_component_ref idref="oc-2b"/>
      </symbol>
      <symbol id="sm-96f">
         <name>g_eCurrentUSBMode</name>
         <value>0x20001a70</value>
         <object_component_ref idref="oc-73"/>
      </symbol>
      <symbol id="sm-970">
         <name>rcount</name>
         <value>0x20001928</value>
         <object_component_ref idref="oc-92"/>
      </symbol>
      <symbol id="sm-971">
         <name>minit</name>
         <value>0x2d2d</value>
         <object_component_ref idref="oc-c8"/>
      </symbol>
      <symbol id="sm-972">
         <name>acount</name>
         <value>0x20001920</value>
         <object_component_ref idref="oc-92"/>
      </symbol>
      <symbol id="sm-973">
         <name>FILTER_SAMPLE</name>
         <value>0x2000194c</value>
         <object_component_ref idref="oc-92"/>
      </symbol>
      <symbol id="sm-989">
         <name>__TI_decompress_none</name>
         <value>0x4eeb</value>
         <object_component_ref idref="oc-14"/>
      </symbol>
      <symbol id="sm-9ab">
         <name>__TI_decompress_rle24</name>
         <value>0x4f43</value>
         <object_component_ref idref="oc-1e"/>
      </symbol>
      <symbol id="sm-9b9">
         <name>__TI_zero_init</name>
         <value>0x4e7f</value>
         <object_component_ref idref="oc-19"/>
      </symbol>
      <symbol id="sm-9ba">
         <name>__TI_static_base__</name>
         <value>0x0</value>
      </symbol>
      <symbol id="sm-9bb">
         <name>__TI_args_main</name>
         <value>0x1</value>
      </symbol>
      <symbol id="sm-9bc">
         <name>SHT$$INIT_ARRAY$$Limit</name>
         <value>0x0</value>
      </symbol>
      <symbol id="sm-9bd">
         <name>SHT$$INIT_ARRAY$$Base</name>
         <value>0x0</value>
      </symbol>
   </symbol_table>
   <title>Link successful</title>
</link_info>
