<?xml version="1.0"?>
<link_info>
   <banner>TI ARM Linker Unix v5.1.1</banner>
   <copyright>Copyright (c) 1996-2013 Texas Instruments Incorporated</copyright>
   <link_time>0x52e29604</link_time>
   <link_errors>0x0</link_errors>
   <output_file>DSP1.out</output_file>
   <entry_point>
      <name>_c_int00</name>
      <address>0x4671</address>
   </entry_point>
   <input_file_list>
      <input_file id="fl-4">
         <path>./</path>
         <kind>object</kind>
         <file>lm4f232h5qd_startup_ccs.obj</file>
         <name>lm4f232h5qd_startup_ccs.obj</name>
      </input_file>
      <input_file id="fl-12">
         <path>/media/windows/pi19404/CCS/ti/flash/f/usblib/ccs-cm4f/Debug/</path>
         <kind>archive</kind>
         <file>usblib-cm4f.lib</file>
         <name>usbhostenum.obj</name>
      </input_file>
      <input_file id="fl-13">
         <path>/media/windows/pi19404/CCS/ti/flash/f/usblib/ccs-cm4f/Debug/</path>
         <kind>archive</kind>
         <file>usblib-cm4f.lib</file>
         <name>usbhmsc.obj</name>
      </input_file>
      <input_file id="fl-14">
         <path>/media/windows/pi19404/CCS/ti/flash/f/usblib/ccs-cm4f/Debug/</path>
         <kind>archive</kind>
         <file>usblib-cm4f.lib</file>
         <name>usbhhub.obj</name>
      </input_file>
      <input_file id="fl-15">
         <path>/media/windows/pi19404/CCS/ti/flash/f/usblib/ccs-cm4f/Debug/</path>
         <kind>archive</kind>
         <file>usblib-cm4f.lib</file>
         <name>usbtick.obj</name>
      </input_file>
      <input_file id="fl-16">
         <path>/media/windows/pi19404/CCS/ti/flash/f/usblib/ccs-cm4f/Debug/</path>
         <kind>archive</kind>
         <file>usblib-cm4f.lib</file>
         <name>usbmode.obj</name>
      </input_file>
      <input_file id="fl-17">
         <path>/media/windows/pi19404/CCS/ti/flash/f/usblib/ccs-cm4f/Debug/</path>
         <kind>archive</kind>
         <file>usblib-cm4f.lib</file>
         <name>usbdesc.obj</name>
      </input_file>
      <input_file id="fl-18">
         <path>/media/windows/pi19404/CCS/ti/flash/f/usblib/ccs-cm4f/Debug/</path>
         <kind>archive</kind>
         <file>usblib-cm4f.lib</file>
         <name>usbdenum.obj</name>
      </input_file>
      <input_file id="fl-19">
         <path>/media/windows/pi19404/CCS/ti/flash/f/usblib/ccs-cm4f/Debug/</path>
         <kind>archive</kind>
         <file>usblib-cm4f.lib</file>
         <name>usbdconfig.obj</name>
      </input_file>
      <input_file id="fl-1a">
         <path>/media/windows/pi19404/CCS/ti/flash/f/usblib/ccs-cm4f/Debug/</path>
         <kind>archive</kind>
         <file>usblib-cm4f.lib</file>
         <name>usbdcdesc.obj</name>
      </input_file>
      <input_file id="fl-1b">
         <path>/media/windows/pi19404/CCS/ti/flash/f/usblib/ccs-cm4f/Debug/</path>
         <kind>archive</kind>
         <file>usblib-cm4f.lib</file>
         <name>usbhscsi.obj</name>
      </input_file>
      <input_file id="fl-1c">
         <path>/media/windows/pi19404/CCS/ti/flash/f/grlib/ccs-cm4f/Debug/</path>
         <kind>archive</kind>
         <file>grlib-cm4f.lib</file>
         <name>fontcm12.obj</name>
      </input_file>
      <input_file id="fl-1d">
         <path>/media/windows/pi19404/CCS/ti/flash/f/grlib/ccs-cm4f/Debug/</path>
         <kind>archive</kind>
         <file>grlib-cm4f.lib</file>
         <name>string.obj</name>
      </input_file>
      <input_file id="fl-1e">
         <path>/media/windows/pi19404/CCS/ti/flash/f/grlib/ccs-cm4f/Debug/</path>
         <kind>archive</kind>
         <file>grlib-cm4f.lib</file>
         <name>rectangle.obj</name>
      </input_file>
      <input_file id="fl-1f">
         <path>/media/windows/pi19404/CCS/ti/flash/f/grlib/ccs-cm4f/Debug/</path>
         <kind>archive</kind>
         <file>grlib-cm4f.lib</file>
         <name>line.obj</name>
      </input_file>
      <input_file id="fl-20">
         <path>/media/windows/pi19404/CCS/ti/flash/f/grlib/ccs-cm4f/Debug/</path>
         <kind>archive</kind>
         <file>grlib-cm4f.lib</file>
         <name>context.obj</name>
      </input_file>
      <input_file id="fl-21">
         <path>/media/windows/pi19404/CCS/ti/flash/f/grlib/ccs-cm4f/Debug/</path>
         <kind>archive</kind>
         <file>grlib-cm4f.lib</file>
         <name>charmap.obj</name>
      </input_file>
      <input_file id="fl-22">
         <path>/media/windows/pi19404/CCS/ti/flash/f/driverlib/ccs-cm4f/Debug/</path>
         <kind>archive</kind>
         <file>driverlib-cm4f.lib</file>
         <name>usb.obj</name>
      </input_file>
      <input_file id="fl-23">
         <path>/media/windows/pi19404/CCS/ti/flash/f/driverlib/ccs-cm4f/Debug/</path>
         <kind>archive</kind>
         <file>driverlib-cm4f.lib</file>
         <name>udma.obj</name>
      </input_file>
      <input_file id="fl-24">
         <path>/media/windows/pi19404/CCS/ti/flash/f/driverlib/ccs-cm4f/Debug/</path>
         <kind>archive</kind>
         <file>driverlib-cm4f.lib</file>
         <name>sysctl.obj</name>
      </input_file>
      <input_file id="fl-25">
         <path>/media/windows/pi19404/CCS/ti/flash/f/driverlib/ccs-cm4f/Debug/</path>
         <kind>archive</kind>
         <file>driverlib-cm4f.lib</file>
         <name>ssi.obj</name>
      </input_file>
      <input_file id="fl-26">
         <path>/media/windows/pi19404/CCS/ti/flash/f/driverlib/ccs-cm4f/Debug/</path>
         <kind>archive</kind>
         <file>driverlib-cm4f.lib</file>
         <name>interrupt.obj</name>
      </input_file>
      <input_file id="fl-27">
         <path>/media/windows/pi19404/CCS/ti/flash/f/driverlib/ccs-cm4f/Debug/</path>
         <kind>archive</kind>
         <file>driverlib-cm4f.lib</file>
         <name>gpio.obj</name>
      </input_file>
      <input_file id="fl-28">
         <path>/media/windows/pi19404/CCS/ti/flash/f/driverlib/ccs-cm4f/Debug/</path>
         <kind>archive</kind>
         <file>driverlib-cm4f.lib</file>
         <name>cpu.obj</name>
      </input_file>
      <input_file id="fl-29">
         <path>/media/windows/pi19404/CCS/ti/flash/f/driverlib/ccs-cm4f/Debug/</path>
         <kind>archive</kind>
         <file>driverlib-cm4f.lib</file>
         <name>adc.obj</name>
      </input_file>
      <input_file id="fl-2a">
         <path>/opt/ti/ccsv5/tools/compiler/arm_5.1.1/lib/</path>
         <kind>archive</kind>
         <file>rtsv7M4_T_le_v4SPD16_eabi.lib</file>
         <name>boot.obj</name>
      </input_file>
      <input_file id="fl-2e">
         <path>/opt/ti/ccsv5/tools/compiler/arm_5.1.1/lib/</path>
         <kind>archive</kind>
         <file>rtsv7M4_T_le_v4SPD16_eabi.lib</file>
         <name>exit.obj</name>
      </input_file>
      <input_file id="fl-2f">
         <path>/opt/ti/ccsv5/tools/compiler/arm_5.1.1/lib/</path>
         <kind>archive</kind>
         <file>rtsv7M4_T_le_v4SPD16_eabi.lib</file>
         <name>fd_add_t2.obj</name>
      </input_file>
      <input_file id="fl-30">
         <path>/opt/ti/ccsv5/tools/compiler/arm_5.1.1/lib/</path>
         <kind>archive</kind>
         <file>rtsv7M4_T_le_v4SPD16_eabi.lib</file>
         <name>fd_div_t2.obj</name>
      </input_file>
      <input_file id="fl-31">
         <path>/opt/ti/ccsv5/tools/compiler/arm_5.1.1/lib/</path>
         <kind>archive</kind>
         <file>rtsv7M4_T_le_v4SPD16_eabi.lib</file>
         <name>fd_mul_t2.obj</name>
      </input_file>
      <input_file id="fl-32">
         <path>/opt/ti/ccsv5/tools/compiler/arm_5.1.1/lib/</path>
         <kind>archive</kind>
         <file>rtsv7M4_T_le_v4SPD16_eabi.lib</file>
         <name>fd_toi_t2.obj</name>
      </input_file>
      <input_file id="fl-33">
         <path>/opt/ti/ccsv5/tools/compiler/arm_5.1.1/lib/</path>
         <kind>archive</kind>
         <file>rtsv7M4_T_le_v4SPD16_eabi.lib</file>
         <name>fd_tou_t2.obj</name>
      </input_file>
      <input_file id="fl-35">
         <path>/opt/ti/ccsv5/tools/compiler/arm_5.1.1/lib/</path>
         <kind>archive</kind>
         <file>rtsv7M4_T_le_v4SPD16_eabi.lib</file>
         <name>i_tofd_t2.obj</name>
      </input_file>
      <input_file id="fl-36">
         <path>/opt/ti/ccsv5/tools/compiler/arm_5.1.1/lib/</path>
         <kind>archive</kind>
         <file>rtsv7M4_T_le_v4SPD16_eabi.lib</file>
         <name>memcpy_t2.obj</name>
      </input_file>
      <input_file id="fl-38">
         <path>/opt/ti/ccsv5/tools/compiler/arm_5.1.1/lib/</path>
         <kind>archive</kind>
         <file>rtsv7M4_T_le_v4SPD16_eabi.lib</file>
         <name>memset_t2.obj</name>
      </input_file>
      <input_file id="fl-3c">
         <path>/opt/ti/ccsv5/tools/compiler/arm_5.1.1/lib/</path>
         <kind>archive</kind>
         <file>rtsv7M4_T_le_v4SPD16_eabi.lib</file>
         <name>u_divt2.obj</name>
      </input_file>
      <input_file id="fl-3d">
         <path>/opt/ti/ccsv5/tools/compiler/arm_5.1.1/lib/</path>
         <kind>archive</kind>
         <file>rtsv7M4_T_le_v4SPD16_eabi.lib</file>
         <name>u_tofd_t2.obj</name>
      </input_file>
      <input_file id="fl-40">
         <path>/opt/ti/ccsv5/tools/compiler/arm_5.1.1/lib/</path>
         <kind>archive</kind>
         <file>rtsv7M4_T_le_v4SPD16_eabi.lib</file>
         <name>args_main.obj</name>
      </input_file>
      <input_file id="fl-42">
         <path>/opt/ti/ccsv5/tools/compiler/arm_5.1.1/lib/</path>
         <kind>archive</kind>
         <file>rtsv7M4_T_le_v4SPD16_eabi.lib</file>
         <name>auto_init.obj</name>
      </input_file>
      <input_file id="fl-43">
         <path>/opt/ti/ccsv5/tools/compiler/arm_5.1.1/lib/</path>
         <kind>archive</kind>
         <file>rtsv7M4_T_le_v4SPD16_eabi.lib</file>
         <name>cpy_tbl.obj</name>
      </input_file>
      <input_file id="fl-45">
         <path>/opt/ti/ccsv5/tools/compiler/arm_5.1.1/lib/</path>
         <kind>archive</kind>
         <file>rtsv7M4_T_le_v4SPD16_eabi.lib</file>
         <name>fd_cmp_t2.obj</name>
      </input_file>
      <input_file id="fl-46">
         <path>/opt/ti/ccsv5/tools/compiler/arm_5.1.1/lib/</path>
         <kind>archive</kind>
         <file>rtsv7M4_T_le_v4SPD16_eabi.lib</file>
         <name>ll_mul_t2.obj</name>
      </input_file>
      <input_file id="fl-4a">
         <path>/opt/ti/ccsv5/tools/compiler/arm_5.1.1/lib/</path>
         <kind>archive</kind>
         <file>rtsv7M4_T_le_v4SPD16_eabi.lib</file>
         <name>ull_div_t2.obj</name>
      </input_file>
      <input_file id="fl-4d">
         <path>/tmp/</path>
         <kind>object</kind>
         <file>03187I0BCXp</file>
         <name>03187I0BCXp</name>
      </input_file>
      <input_file id="fl-4e">
         <path>/opt/ti/ccsv5/tools/compiler/arm_5.1.1/lib/</path>
         <kind>archive</kind>
         <file>rtsv7M4_T_le_v4SPD16_eabi.lib</file>
         <name>copy_decompress_none.obj</name>
      </input_file>
      <input_file id="fl-4f">
         <path>/opt/ti/ccsv5/tools/compiler/arm_5.1.1/lib/</path>
         <kind>archive</kind>
         <file>rtsv7M4_T_le_v4SPD16_eabi.lib</file>
         <name>copy_decompress_rle.obj</name>
      </input_file>
      <input_file id="fl-50">
         <path>/opt/ti/ccsv5/tools/compiler/arm_5.1.1/lib/</path>
         <kind>archive</kind>
         <file>rtsv7M4_T_le_v4SPD16_eabi.lib</file>
         <name>copy_zero_init.obj</name>
      </input_file>
   </input_file_list>
   <object_component_list>
      <object_component id="oc-e">
         <name>.intvecs</name>
         <load_address>0x0</load_address>
         <run_address>0x0</run_address>
         <size>0x26c</size>
         <input_file_ref idref="fl-4"/>
      </object_component>
      <object_component id="oc-1d2">
         <name>.text</name>
         <load_address>0x26c</load_address>
         <run_address>0x26c</run_address>
         <size>0x1106</size>
         <input_file_ref idref="fl-3f"/>
      </object_component>
      <object_component id="oc-a8">
         <name>.text</name>
         <load_address>0x1372</load_address>
         <run_address>0x1372</run_address>
         <size>0x56a</size>
         <input_file_ref idref="fl-8"/>
      </object_component>
      <object_component id="oc-30">
         <name>.text</name>
         <load_address>0x18dc</load_address>
         <run_address>0x18dc</run_address>
         <size>0x4f4</size>
         <input_file_ref idref="fl-b"/>
      </object_component>
      <object_component id="oc-2b">
         <name>.text</name>
         <load_address>0x1dd0</load_address>
         <run_address>0x1dd0</run_address>
         <size>0x3f6</size>
         <input_file_ref idref="fl-a"/>
      </object_component>
      <object_component id="oc-28e">
         <name>.text</name>
         <load_address>0x21c6</load_address>
         <run_address>0x21c6</run_address>
         <size>0x2</size>
         <input_file_ref idref="fl-3e"/>
      </object_component>
      <object_component id="oc-11a">
         <name>.text:USBHostIntHandlerInternal</name>
         <load_address>0x21c8</load_address>
         <run_address>0x21c8</run_address>
         <size>0x2e4</size>
         <input_file_ref idref="fl-12"/>
      </object_component>
      <object_component id="oc-2ac">
         <name>.text:GrFontGlyphRender</name>
         <load_address>0x24ac</load_address>
         <run_address>0x24ac</run_address>
         <size>0x254</size>
         <input_file_ref idref="fl-1d"/>
      </object_component>
      <object_component id="oc-2bf">
         <name>.text</name>
         <load_address>0x2700</load_address>
         <run_address>0x2700</run_address>
         <size>0x1f4</size>
         <input_file_ref idref="fl-4a"/>
      </object_component>
      <object_component id="oc-82">
         <name>.text:SysCtlClockGet</name>
         <load_address>0x28f4</load_address>
         <run_address>0x28f4</run_address>
         <size>0x1c8</size>
         <input_file_ref idref="fl-24"/>
      </object_component>
      <object_component id="oc-dd">
         <name>.text</name>
         <load_address>0x2abc</load_address>
         <run_address>0x2abc</run_address>
         <size>0x1b6</size>
         <input_file_ref idref="fl-2f"/>
      </object_component>
      <object_component id="oc-e1">
         <name>.text</name>
         <load_address>0x2c74</load_address>
         <run_address>0x2c74</run_address>
         <size>0x178</size>
         <input_file_ref idref="fl-37"/>
      </object_component>
      <object_component id="oc-401">
         <name>.text:USBDeviceConfig</name>
         <load_address>0x2dec</load_address>
         <run_address>0x2dec</run_address>
         <size>0x174</size>
         <input_file_ref idref="fl-19"/>
      </object_component>
      <object_component id="oc-348">
         <name>.text:USBDEP0StateTxConfig</name>
         <load_address>0x2f60</load_address>
         <run_address>0x2f60</run_address>
         <size>0x154</size>
         <input_file_ref idref="fl-18"/>
      </object_component>
      <object_component id="oc-2cd">
         <name>.text</name>
         <load_address>0x30b4</load_address>
         <run_address>0x30b4</run_address>
         <size>0x136</size>
         <input_file_ref idref="fl-30"/>
      </object_component>
      <object_component id="oc-2c9">
         <name>.text</name>
         <load_address>0x31ea</load_address>
         <run_address>0x31ea</run_address>
         <size>0xfc</size>
         <input_file_ref idref="fl-31"/>
      </object_component>
      <object_component id="oc-3c7">
         <name>.text:USBDGetDescriptor</name>
         <load_address>0x32e8</load_address>
         <run_address>0x32e8</run_address>
         <size>0xd8</size>
         <input_file_ref idref="fl-18"/>
      </object_component>
      <object_component id="oc-26a">
         <name>.text:USBDeviceEnumHandler</name>
         <load_address>0x33c0</load_address>
         <run_address>0x33c0</run_address>
         <size>0xd0</size>
         <input_file_ref idref="fl-18"/>
      </object_component>
      <object_component id="oc-1c8">
         <name>.text:GrDefaultStringRenderer</name>
         <load_address>0x3490</load_address>
         <run_address>0x3490</run_address>
         <size>0xc0</size>
         <input_file_ref idref="fl-1d"/>
      </object_component>
      <object_component id="oc-d4">
         <name>.text</name>
         <load_address>0x3550</load_address>
         <run_address>0x3550</run_address>
         <size>0xc0</size>
         <input_file_ref idref="fl-34"/>
      </object_component>
      <object_component id="oc-35">
         <name>.text:USB0OTGModeIntHandler</name>
         <load_address>0x3610</load_address>
         <run_address>0x3610</run_address>
         <size>0xbc</size>
         <input_file_ref idref="fl-16"/>
      </object_component>
      <object_component id="oc-1b0">
         <name>.text:GPIOPadConfigSet</name>
         <load_address>0x36cc</load_address>
         <run_address>0x36cc</run_address>
         <size>0xb8</size>
         <input_file_ref idref="fl-27"/>
      </object_component>
      <object_component id="oc-412">
         <name>.text:USBDeviceConfigAlternate</name>
         <load_address>0x3784</load_address>
         <run_address>0x3784</run_address>
         <size>0xac</size>
         <input_file_ref idref="fl-19"/>
      </object_component>
      <object_component id="oc-11f">
         <name>.text:USBDeviceIntHandlerInternal</name>
         <load_address>0x3830</load_address>
         <run_address>0x3830</run_address>
         <size>0xac</size>
         <input_file_ref idref="fl-18"/>
      </object_component>
      <object_component id="oc-b4">
         <name>.text</name>
         <load_address>0x38dc</load_address>
         <run_address>0x38dc</run_address>
         <size>0xa0</size>
         <input_file_ref idref="fl-39"/>
      </object_component>
      <object_component id="oc-4e">
         <name>.text</name>
         <load_address>0x397c</load_address>
         <run_address>0x397c</run_address>
         <size>0x9c</size>
         <input_file_ref idref="fl-36"/>
      </object_component>
      <object_component id="oc-3d">
         <name>.text</name>
         <load_address>0x3a18</load_address>
         <run_address>0x3a18</run_address>
         <size>0x94</size>
         <input_file_ref idref="fl-42"/>
      </object_component>
      <object_component id="oc-3e0">
         <name>.text:USBDSetInterface</name>
         <load_address>0x3aac</load_address>
         <run_address>0x3aac</run_address>
         <size>0x88</size>
         <input_file_ref idref="fl-18"/>
      </object_component>
      <object_component id="oc-b9">
         <name>.text:GrRectFill</name>
         <load_address>0x3b34</load_address>
         <run_address>0x3b34</run_address>
         <size>0x86</size>
         <input_file_ref idref="fl-1e"/>
      </object_component>
      <object_component id="oc-3d6">
         <name>.text:USBDSetConfiguration</name>
         <load_address>0x3bbc</load_address>
         <run_address>0x3bbc</run_address>
         <size>0x80</size>
         <input_file_ref idref="fl-18"/>
      </object_component>
      <object_component id="oc-1f8">
         <name>.text:__aeabi_cdcmple</name>
         <load_address>0x3c3c</load_address>
         <run_address>0x3c3c</run_address>
         <size>0x7e</size>
         <input_file_ref idref="fl-45"/>
      </object_component>
      <object_component id="oc-2d1">
         <name>.text:__aeabi_cdrcmple</name>
         <load_address>0x3cba</load_address>
         <run_address>0x3cba</run_address>
         <size>0x7e</size>
         <input_file_ref idref="fl-45"/>
      </object_component>
      <object_component id="oc-3b8">
         <name>.text:USBDClearFeature</name>
         <load_address>0x3d38</load_address>
         <run_address>0x3d38</run_address>
         <size>0x7c</size>
         <input_file_ref idref="fl-18"/>
      </object_component>
      <object_component id="oc-2bb">
         <name>.text</name>
         <load_address>0x3db4</load_address>
         <run_address>0x3db4</run_address>
         <size>0x78</size>
         <input_file_ref idref="fl-38"/>
      </object_component>
      <object_component id="oc-3b3">
         <name>.text:USBDGetStatus</name>
         <load_address>0x3e2c</load_address>
         <run_address>0x3e2c</run_address>
         <size>0x74</size>
         <input_file_ref idref="fl-18"/>
      </object_component>
      <object_component id="oc-42c">
         <name>.text:USBDevEndpointConfigSet</name>
         <load_address>0x3ea0</load_address>
         <run_address>0x3ea0</run_address>
         <size>0x72</size>
         <input_file_ref idref="fl-22"/>
      </object_component>
      <object_component id="oc-110">
         <name>.text:USBOTGSetMode</name>
         <load_address>0x3f14</load_address>
         <run_address>0x3f14</run_address>
         <size>0x6c</size>
         <input_file_ref idref="fl-16"/>
      </object_component>
      <object_component id="oc-c5">
         <name>.text:GrStringWidthGet</name>
         <load_address>0x3f80</load_address>
         <run_address>0x3f80</run_address>
         <size>0x6a</size>
         <input_file_ref idref="fl-1d"/>
      </object_component>
      <object_component id="oc-af">
         <name>.text:GrContextInit</name>
         <load_address>0x3fec</load_address>
         <run_address>0x3fec</run_address>
         <size>0x68</size>
         <input_file_ref idref="fl-20"/>
      </object_component>
      <object_component id="oc-255">
         <name>.text:IntDisable</name>
         <load_address>0x4054</load_address>
         <run_address>0x4054</run_address>
         <size>0x68</size>
         <input_file_ref idref="fl-26"/>
      </object_component>
      <object_component id="oc-34d">
         <name>.text:USBDEP0StateTx</name>
         <load_address>0x40bc</load_address>
         <run_address>0x40bc</run_address>
         <size>0x68</size>
         <input_file_ref idref="fl-18"/>
      </object_component>
      <object_component id="oc-3bd">
         <name>.text:USBDSetFeature</name>
         <load_address>0x4124</load_address>
         <run_address>0x4124</run_address>
         <size>0x68</size>
         <input_file_ref idref="fl-18"/>
      </object_component>
      <object_component id="oc-f4">
         <name>.text</name>
         <load_address>0x418c</load_address>
         <run_address>0x418c</run_address>
         <size>0x60</size>
         <input_file_ref idref="fl-3a"/>
      </object_component>
      <object_component id="oc-334">
         <name>.text:USBDevEndpointStatusClear</name>
         <load_address>0x41ec</load_address>
         <run_address>0x41ec</run_address>
         <size>0x5e</size>
         <input_file_ref idref="fl-22"/>
      </object_component>
      <object_component id="oc-60">
         <name>.text</name>
         <load_address>0x424a</load_address>
         <run_address>0x424a</run_address>
         <size>0x5e</size>
         <input_file_ref idref="fl-4f"/>
      </object_component>
      <object_component id="oc-73">
         <name>.text:SysCtlPeripheralEnable</name>
         <load_address>0x42a8</load_address>
         <run_address>0x42a8</run_address>
         <size>0x5c</size>
         <input_file_ref idref="fl-24"/>
      </object_component>
      <object_component id="oc-2f3">
         <name>.text:FontWideGlyphDataGet</name>
         <load_address>0x4304</load_address>
         <run_address>0x4304</run_address>
         <size>0x5a</size>
         <input_file_ref idref="fl-1d"/>
      </object_component>
      <object_component id="oc-2d5">
         <name>.text</name>
         <load_address>0x435e</load_address>
         <run_address>0x435e</run_address>
         <size>0x5a</size>
         <input_file_ref idref="fl-47"/>
      </object_component>
      <object_component id="oc-343">
         <name>.text:USBDReadAndDispatchRequest</name>
         <load_address>0x43b8</load_address>
         <run_address>0x43b8</run_address>
         <size>0x58</size>
         <input_file_ref idref="fl-18"/>
      </object_component>
      <object_component id="oc-41d">
         <name>.text:USBDCDConfigDescGet</name>
         <load_address>0x4410</load_address>
         <run_address>0x4410</run_address>
         <size>0x50</size>
         <input_file_ref idref="fl-1a"/>
      </object_component>
      <object_component id="oc-3f1">
         <name>.text:USBDevEndpointStallClear</name>
         <load_address>0x4460</load_address>
         <run_address>0x4460</run_address>
         <size>0x4e</size>
         <input_file_ref idref="fl-22"/>
      </object_component>
      <object_component id="oc-443">
         <name>.text:ConfigAlternateInterfaceGet</name>
         <load_address>0x44ae</load_address>
         <run_address>0x44ae</run_address>
         <size>0x4c</size>
         <input_file_ref idref="fl-1a"/>
      </object_component>
      <object_component id="oc-427">
         <name>.text:GetEPDescriptorType</name>
         <load_address>0x44fa</load_address>
         <run_address>0x44fa</run_address>
         <size>0x4c</size>
         <input_file_ref idref="fl-19"/>
      </object_component>
      <object_component id="oc-3f9">
         <name>.text:USBDStringIndexFromRequest</name>
         <load_address>0x4548</load_address>
         <run_address>0x4548</run_address>
         <size>0x4c</size>
         <input_file_ref idref="fl-18"/>
      </object_component>
      <object_component id="oc-1df">
         <name>.text:UpdateContextCharMapping</name>
         <load_address>0x4594</load_address>
         <run_address>0x4594</run_address>
         <size>0x4a</size>
         <input_file_ref idref="fl-1d"/>
      </object_component>
      <object_component id="oc-78">
         <name>.text:GPIOPinConfigure</name>
         <load_address>0x45e0</load_address>
         <run_address>0x45e0</run_address>
         <size>0x48</size>
         <input_file_ref idref="fl-27"/>
      </object_component>
      <object_component id="oc-265">
         <name>.text:USBDeviceResumeTickHandler</name>
         <load_address>0x4628</load_address>
         <run_address>0x4628</run_address>
         <size>0x48</size>
         <input_file_ref idref="fl-18"/>
      </object_component>
      <object_component id="oc-10">
         <name>.text</name>
         <load_address>0x4670</load_address>
         <run_address>0x4670</run_address>
         <size>0x48</size>
         <input_file_ref idref="fl-2a"/>
      </object_component>
      <object_component id="oc-d9">
         <name>.text</name>
         <load_address>0x46b8</load_address>
         <run_address>0x46b8</run_address>
         <size>0x48</size>
         <input_file_ref idref="fl-32"/>
      </object_component>
      <object_component id="oc-3db">
         <name>.text:USBDGetInterface</name>
         <load_address>0x4700</load_address>
         <run_address>0x4700</run_address>
         <size>0x44</size>
         <input_file_ref idref="fl-18"/>
      </object_component>
      <object_component id="oc-24b">
         <name>.text:USBEndpointDataGet</name>
         <load_address>0x4744</load_address>
         <run_address>0x4744</run_address>
         <size>0x44</size>
         <input_file_ref idref="fl-22"/>
      </object_component>
      <object_component id="oc-12e">
         <name>.text</name>
         <load_address>0x4788</load_address>
         <run_address>0x4788</run_address>
         <size>0x44</size>
         <input_file_ref idref="fl-43"/>
      </object_component>
      <object_component id="oc-46">
         <name>.text</name>
         <load_address>0x47cc</load_address>
         <run_address>0x47cc</run_address>
         <size>0x44</size>
         <input_file_ref idref="fl-2e"/>
      </object_component>
      <object_component id="oc-87">
         <name>.text:SSIConfigSetExpClk</name>
         <load_address>0x4810</load_address>
         <run_address>0x4810</run_address>
         <size>0x42</size>
         <input_file_ref idref="fl-25"/>
      </object_component>
      <object_component id="oc-f0">
         <name>.text</name>
         <load_address>0x4852</load_address>
         <run_address>0x4852</run_address>
         <size>0x42</size>
         <input_file_ref idref="fl-3c"/>
      </object_component>
      <object_component id="oc-2f8">
         <name>.text:FontGlyphDataGet</name>
         <load_address>0x4894</load_address>
         <run_address>0x4894</run_address>
         <size>0x3a</size>
         <input_file_ref idref="fl-1d"/>
      </object_component>
      <object_component id="oc-422">
         <name>.text:USBDCDConfigGetInterfaceEndpoint</name>
         <load_address>0x48ce</load_address>
         <run_address>0x48ce</run_address>
         <size>0x3a</size>
         <input_file_ref idref="fl-1a"/>
      </object_component>
      <object_component id="oc-436">
         <name>.text:USBFIFOConfigSet</name>
         <load_address>0x4908</load_address>
         <run_address>0x4908</run_address>
         <size>0x3a</size>
         <input_file_ref idref="fl-22"/>
      </object_component>
      <object_component id="oc-431">
         <name>.text:GetEndpointFIFOSize</name>
         <load_address>0x4942</load_address>
         <run_address>0x4942</run_address>
         <size>0x38</size>
         <input_file_ref idref="fl-19"/>
      </object_component>
      <object_component id="oc-101">
         <name>.text:USBIntStatusControl</name>
         <load_address>0x497c</load_address>
         <run_address>0x497c</run_address>
         <size>0x38</size>
         <input_file_ref idref="fl-22"/>
      </object_component>
      <object_component id="oc-260">
         <name>.text:USBDeviceEnumResetHandler</name>
         <load_address>0x49b4</load_address>
         <run_address>0x49b4</run_address>
         <size>0x36</size>
         <input_file_ref idref="fl-18"/>
      </object_component>
      <object_component id="oc-228">
         <name>.text:InternalUSBStartOfFrameTick</name>
         <load_address>0x49ec</load_address>
         <run_address>0x49ec</run_address>
         <size>0x34</size>
         <input_file_ref idref="fl-15"/>
      </object_component>
      <object_component id="oc-20b">
         <name>.text:USBOTGRemovePower</name>
         <load_address>0x4a20</load_address>
         <run_address>0x4a20</run_address>
         <size>0x34</size>
         <input_file_ref idref="fl-16"/>
      </object_component>
      <object_component id="oc-450">
         <name>.text:NextConfigDescGet</name>
         <load_address>0x4a54</load_address>
         <run_address>0x4a54</run_address>
         <size>0x32</size>
         <input_file_ref idref="fl-1a"/>
      </object_component>
      <object_component id="oc-3ab">
         <name>.text:USBDevEndpointStall</name>
         <load_address>0x4a86</load_address>
         <run_address>0x4a86</run_address>
         <size>0x32</size>
         <input_file_ref idref="fl-22"/>
      </object_component>
      <object_component id="oc-3d1">
         <name>.text:USBDGetConfiguration</name>
         <load_address>0x4ab8</load_address>
         <run_address>0x4ab8</run_address>
         <size>0x30</size>
         <input_file_ref idref="fl-18"/>
      </object_component>
      <object_component id="oc-3a2">
         <name>.text:USBEndpointDataPut</name>
         <load_address>0x4ae8</load_address>
         <run_address>0x4ae8</run_address>
         <size>0x30</size>
         <input_file_ref idref="fl-22"/>
      </object_component>
      <object_component id="oc-1e6">
         <name>.text:GrStringNextCharGet</name>
         <load_address>0x4b18</load_address>
         <run_address>0x4b18</run_address>
         <size>0x2e</size>
         <input_file_ref idref="fl-1d"/>
      </object_component>
      <object_component id="oc-23c">
         <name>.text:USBEndpointDataSend</name>
         <load_address>0x4b46</load_address>
         <run_address>0x4b46</run_address>
         <size>0x2e</size>
         <input_file_ref idref="fl-22"/>
      </object_component>
      <object_component id="oc-2da">
         <name>.text</name>
         <load_address>0x4b74</load_address>
         <run_address>0x4b74</run_address>
         <size>0x2e</size>
         <input_file_ref idref="fl-35"/>
      </object_component>
      <object_component id="oc-ca">
         <name>.text:GrFontBaselineGet</name>
         <load_address>0x4ba2</load_address>
         <run_address>0x4ba2</run_address>
         <size>0x2c</size>
         <input_file_ref idref="fl-1d"/>
      </object_component>
      <object_component id="oc-115">
         <name>.text:InternalUSBHCDSendEvent</name>
         <load_address>0x4bd0</load_address>
         <run_address>0x4bd0</run_address>
         <size>0x2c</size>
         <input_file_ref idref="fl-12"/>
      </object_component>
      <object_component id="oc-44a">
         <name>.text:USBDescGet</name>
         <load_address>0x4bfc</load_address>
         <run_address>0x4bfc</run_address>
         <size>0x2c</size>
         <input_file_ref idref="fl-17"/>
      </object_component>
      <object_component id="oc-1ab">
         <name>.text:GPIODirModeSet</name>
         <load_address>0x4c28</load_address>
         <run_address>0x4c28</run_address>
         <size>0x2a</size>
         <input_file_ref idref="fl-27"/>
      </object_component>
      <object_component id="oc-408">
         <name>.text:USBDCDConfigDescGetNum</name>
         <load_address>0x4c52</load_address>
         <run_address>0x4c52</run_address>
         <size>0x2a</size>
         <input_file_ref idref="fl-1a"/>
      </object_component>
      <object_component id="oc-3c2">
         <name>.text:USBDSetAddress</name>
         <load_address>0x4c7c</load_address>
         <run_address>0x4c7c</run_address>
         <size>0x28</size>
         <input_file_ref idref="fl-18"/>
      </object_component>
      <object_component id="oc-43d">
         <name>.text:USBDescGetNum</name>
         <load_address>0x4ca4</load_address>
         <run_address>0x4ca4</run_address>
         <size>0x28</size>
         <input_file_ref idref="fl-17"/>
      </object_component>
      <object_component id="oc-246">
         <name>.text:USBHostEndpointStatusClear</name>
         <load_address>0x4ccc</load_address>
         <run_address>0x4ccc</run_address>
         <size>0x28</size>
         <input_file_ref idref="fl-22"/>
      </object_component>
      <object_component id="oc-232">
         <name>.text:uDMAChannelModeGet</name>
         <load_address>0x4cf4</load_address>
         <run_address>0x4cf4</run_address>
         <size>0x28</size>
         <input_file_ref idref="fl-23"/>
      </object_component>
      <object_component id="oc-1f0">
         <name>.text:GrFontInfoGet</name>
         <load_address>0x4d1c</load_address>
         <run_address>0x4d1c</run_address>
         <size>0x26</size>
         <input_file_ref idref="fl-1d"/>
      </object_component>
      <object_component id="oc-33e">
         <name>.text:USBDevEndpointDataAck</name>
         <load_address>0x4d42</load_address>
         <run_address>0x4d42</run_address>
         <size>0x24</size>
         <input_file_ref idref="fl-22"/>
      </object_component>
      <object_component id="oc-1eb">
         <name>.text:GrFontGlyphDataGet</name>
         <load_address>0x4d66</load_address>
         <run_address>0x4d66</run_address>
         <size>0x22</size>
         <input_file_ref idref="fl-1d"/>
      </object_component>
      <object_component id="oc-237">
         <name>.text:USBHostEndpointDataAck</name>
         <load_address>0x4d88</load_address>
         <run_address>0x4d88</run_address>
         <size>0x20</size>
         <input_file_ref idref="fl-22"/>
      </object_component>
      <object_component id="oc-2ea">
         <name>.text:GrFontCodepageGet</name>
         <load_address>0x4da8</load_address>
         <run_address>0x4da8</run_address>
         <size>0x1e</size>
         <input_file_ref idref="fl-1d"/>
      </object_component>
      <object_component id="oc-40d">
         <name>.text:USBDCDConfigGetInterface</name>
         <load_address>0x4dc6</load_address>
         <run_address>0x4dc6</run_address>
         <size>0x1c</size>
         <input_file_ref idref="fl-1a"/>
      </object_component>
      <object_component id="oc-393">
         <name>.text:USBDCDStallEP0</name>
         <load_address>0x4de4</load_address>
         <run_address>0x4de4</run_address>
         <size>0x1c</size>
         <input_file_ref idref="fl-18"/>
      </object_component>
      <object_component id="oc-210">
         <name>.text:USBOTGSessionRequest</name>
         <load_address>0x4e00</load_address>
         <run_address>0x4e00</run_address>
         <size>0x1a</size>
         <input_file_ref idref="fl-22"/>
      </object_component>
      <object_component id="oc-39d">
         <name>.text:USBDCDConfigDescGetSize</name>
         <load_address>0x4e1a</load_address>
         <run_address>0x4e1a</run_address>
         <size>0x18</size>
         <input_file_ref idref="fl-1a"/>
      </object_component>
      <object_component id="oc-3cc">
         <name>.text:USBDSetDescriptor</name>
         <load_address>0x4e34</load_address>
         <run_address>0x4e34</run_address>
         <size>0x18</size>
         <input_file_ref idref="fl-18"/>
      </object_component>
      <object_component id="oc-3e5">
         <name>.text:USBDSyncFrame</name>
         <load_address>0x4e4c</load_address>
         <run_address>0x4e4c</run_address>
         <size>0x18</size>
         <input_file_ref idref="fl-18"/>
      </object_component>
      <object_component id="oc-41">
         <name>.text</name>
         <load_address>0x4e64</load_address>
         <run_address>0x4e64</run_address>
         <size>0x18</size>
         <input_file_ref idref="fl-40"/>
      </object_component>
      <object_component id="oc-2c3">
         <name>.text</name>
         <load_address>0x4e7c</load_address>
         <run_address>0x4e7c</run_address>
         <size>0x18</size>
         <input_file_ref idref="fl-46"/>
      </object_component>
      <object_component id="oc-32e">
         <name>.text:USBHostResume</name>
         <load_address>0x4e94</load_address>
         <run_address>0x4e94</run_address>
         <size>0x14</size>
         <input_file_ref idref="fl-22"/>
      </object_component>
      <object_component id="oc-459">
         <name>.text:USBIndexWrite</name>
         <load_address>0x4ea8</load_address>
         <run_address>0x4ea8</run_address>
         <size>0x14</size>
         <input_file_ref idref="fl-22"/>
      </object_component>
      <object_component id="oc-a3">
         <name>.text:ADCHardwareOversampleConfigure</name>
         <load_address>0x4ebc</load_address>
         <run_address>0x4ebc</run_address>
         <size>0x12</size>
         <input_file_ref idref="fl-29"/>
      </object_component>
      <object_component id="oc-7d">
         <name>.text:GPIOPinTypeSSI</name>
         <load_address>0x4ece</load_address>
         <run_address>0x4ece</run_address>
         <size>0x12</size>
         <input_file_ref idref="fl-27"/>
      </object_component>
      <object_component id="oc-19">
         <name>.text:decompress:ZI</name>
         <load_address>0x4ee0</load_address>
         <run_address>0x4ee0</run_address>
         <size>0x12</size>
         <input_file_ref idref="fl-50"/>
      </object_component>
      <object_component id="oc-cf">
         <name>.text:GrStringDraw</name>
         <load_address>0x4ef2</load_address>
         <run_address>0x4ef2</run_address>
         <size>0x10</size>
         <input_file_ref idref="fl-1d"/>
      </object_component>
      <object_component id="oc-241">
         <name>.text:USBEndpointStatus</name>
         <load_address>0x4f02</load_address>
         <run_address>0x4f02</run_address>
         <size>0x10</size>
         <input_file_ref idref="fl-22"/>
      </object_component>
      <object_component id="oc-106">
         <name>.text:USBHCDPowerAutomatic</name>
         <load_address>0x4f14</load_address>
         <run_address>0x4f14</run_address>
         <size>0x10</size>
         <input_file_ref idref="fl-12"/>
      </object_component>
      <object_component id="oc-9e">
         <name>.text:ADCSequenceDisable</name>
         <load_address>0x4f24</load_address>
         <run_address>0x4f24</run_address>
         <size>0xe</size>
         <input_file_ref idref="fl-29"/>
      </object_component>
      <object_component id="oc-eb">
         <name>.text:SSIDataPutNonBlocking</name>
         <load_address>0x4f32</load_address>
         <run_address>0x4f32</run_address>
         <size>0xe</size>
         <input_file_ref idref="fl-25"/>
      </object_component>
      <object_component id="oc-250">
         <name>.text:USBHostPwrDisable</name>
         <load_address>0x4f40</load_address>
         <run_address>0x4f40</run_address>
         <size>0xe</size>
         <input_file_ref idref="fl-22"/>
      </object_component>
      <object_component id="oc-21e">
         <name>.text:USBHostPwrEnable</name>
         <load_address>0x4f4e</load_address>
         <run_address>0x4f4e</run_address>
         <size>0xe</size>
         <input_file_ref idref="fl-22"/>
      </object_component>
      <object_component id="oc-14">
         <name>.text:decompress:none</name>
         <load_address>0x4f5c</load_address>
         <run_address>0x4f5c</run_address>
         <size>0xe</size>
         <input_file_ref idref="fl-4e"/>
      </object_component>
      <object_component id="oc-26">
         <name>.text</name>
         <load_address>0x4f6a</load_address>
         <run_address>0x4f6a</run_address>
         <size>0xc</size>
         <input_file_ref idref="fl-4"/>
      </object_component>
      <object_component id="oc-8c">
         <name>.text:SSIEnable</name>
         <load_address>0x4f76</load_address>
         <run_address>0x4f76</run_address>
         <size>0xa</size>
         <input_file_ref idref="fl-25"/>
      </object_component>
      <object_component id="oc-26f">
         <name>.text:USBDevDisconnect</name>
         <load_address>0x4f80</load_address>
         <run_address>0x4f80</run_address>
         <size>0xa</size>
         <input_file_ref idref="fl-22"/>
      </object_component>
      <object_component id="oc-306">
         <name>.text:USBHostSuspend</name>
         <load_address>0x4f8a</load_address>
         <run_address>0x4f8a</run_address>
         <size>0xa</size>
         <input_file_ref idref="fl-22"/>
      </object_component>
      <object_component id="oc-22d">
         <name>.text:USBIntStatusEndpoint</name>
         <load_address>0x4f94</load_address>
         <run_address>0x4f94</run_address>
         <size>0xa</size>
         <input_file_ref idref="fl-22"/>
      </object_component>
      <object_component id="oc-10b">
         <name>.text:USBModeGet</name>
         <load_address>0x4f9e</load_address>
         <run_address>0x4f9e</run_address>
         <size>0xa</size>
         <input_file_ref idref="fl-22"/>
      </object_component>
      <object_component id="oc-2b2">
         <name>.text:GrMapISO8859_1_Unicode</name>
         <load_address>0x4fa8</load_address>
         <run_address>0x4fa8</run_address>
         <size>0x8</size>
         <input_file_ref idref="fl-21"/>
      </object_component>
      <object_component id="oc-223">
         <name>.text:USBOTGMode</name>
         <load_address>0x4fb0</load_address>
         <run_address>0x4fb0</run_address>
         <size>0x8</size>
         <input_file_ref idref="fl-22"/>
      </object_component>
      <object_component id="oc-c0">
         <name>.text:GrContextFontSet</name>
         <load_address>0x4fb8</load_address>
         <run_address>0x4fb8</run_address>
         <size>0x6</size>
         <input_file_ref idref="fl-1d"/>
      </object_component>
      <object_component id="oc-1e">
         <name>.text:decompress:rle24</name>
         <load_address>0x4fbe</load_address>
         <run_address>0x4fbe</run_address>
         <size>0x6</size>
         <input_file_ref idref="fl-4f"/>
      </object_component>
      <object_component id="oc-339">
         <name>.text:USBDevAddrSet</name>
         <load_address>0x4fc4</load_address>
         <run_address>0x4fc4</run_address>
         <size>0x4</size>
         <input_file_ref idref="fl-22"/>
      </object_component>
      <object_component id="oc-1da">
         <name>.const:.string:g_pucCm12Data</name>
         <load_address>0x4fc8</load_address>
         <run_address>0x4fc8</run_address>
         <size>0x55f</size>
         <input_file_ref idref="fl-1c"/>
      </object_component>
      <object_component id="oc-2c7">
         <name>.const:.string:_ctypes_</name>
         <load_address>0x5527</load_address>
         <run_address>0x5527</run_address>
         <size>0x101</size>
         <input_file_ref idref="fl-44"/>
      </object_component>
      <object_component id="oc-be">
         <name>.const:g_sFontCm12</name>
         <load_address>0x5628</load_address>
         <run_address>0x5628</run_address>
         <size>0xc8</size>
         <input_file_ref idref="fl-1c"/>
      </object_component>
      <object_component id="oc-1a7">
         <name>.const:g_pulGPIOBaseAddrs</name>
         <load_address>0x56f0</load_address>
         <run_address>0x56f0</run_address>
         <size>0x78</size>
         <input_file_ref idref="fl-27"/>
      </object_component>
      <object_component id="oc-327">
         <name>.const</name>
         <load_address>0x5768</load_address>
         <run_address>0x5768</run_address>
         <size>0x70</size>
         <input_file_ref idref="fl-26"/>
      </object_component>
      <object_component id="oc-1b6">
         <name>.const:g_pulXtals</name>
         <load_address>0x57d8</load_address>
         <run_address>0x57d8</run_address>
         <size>0x6c</size>
         <input_file_ref idref="fl-24"/>
      </object_component>
      <object_component id="oc-1a3">
         <name>.const</name>
         <load_address>0x5844</load_address>
         <run_address>0x5844</run_address>
         <size>0x40</size>
         <input_file_ref idref="fl-24"/>
      </object_component>
      <object_component id="oc-39a">
         <name>.const:g_psUSBDStdRequests</name>
         <load_address>0x5884</load_address>
         <run_address>0x5884</run_address>
         <size>0x34</size>
         <input_file_ref idref="fl-18"/>
      </object_component>
      <object_component id="oc-ad">
         <name>.const:g_sCFAL96x64x16</name>
         <load_address>0x58b8</load_address>
         <run_address>0x58b8</run_address>
         <size>0x28</size>
         <input_file_ref idref="fl-8"/>
      </object_component>
      <object_component id="oc-1cd">
         <name>.const</name>
         <load_address>0x58e0</load_address>
         <run_address>0x58e0</run_address>
         <size>0x10</size>
         <input_file_ref idref="fl-20"/>
      </object_component>
      <object_component id="oc-48a">
         <name>.cinit..data.load</name>
         <load_address>0x58f0</load_address>
         <run_address>0x58f0</run_address>
         <size>0x66</size>
      </object_component>
      <object_component id="oc-488">
         <name>__TI_handler_table</name>
         <load_address>0x5958</load_address>
         <run_address>0x5958</run_address>
         <size>0xc</size>
      </object_component>
      <object_component id="oc-48b">
         <name>.cinit..bss.load</name>
         <load_address>0x5968</load_address>
         <run_address>0x5968</run_address>
         <size>0x8</size>
      </object_component>
      <object_component id="oc-489">
         <name>__TI_cinit_table</name>
         <load_address>0x5970</load_address>
         <run_address>0x5970</run_address>
         <size>0x10</size>
      </object_component>
      <object_component id="oc-4b">
         <name>.data</name>
         <load_address>0x20001ad8</load_address>
         <run_address>0x20001ad8</run_address>
         <size>0x4</size>
         <input_file_ref idref="fl-3b"/>
      </object_component>
      <object_component id="oc-70">
         <name>.data</name>
         <load_address>0x20001ad4</load_address>
         <run_address>0x20001ad4</run_address>
         <size>0x4</size>
         <input_file_ref idref="fl-9"/>
      </object_component>
      <object_component id="oc-91">
         <name>.data</name>
         <load_address>0x20001a78</load_address>
         <run_address>0x20001a78</run_address>
         <size>0x14</size>
         <input_file_ref idref="fl-a"/>
      </object_component>
      <object_component id="oc-93">
         <name>.data</name>
         <load_address>0x20001918</load_address>
         <run_address>0x20001918</run_address>
         <size>0x130</size>
         <input_file_ref idref="fl-b"/>
      </object_component>
      <object_component id="oc-136">
         <name>.data</name>
         <load_address>0x20001ac4</load_address>
         <run_address>0x20001ac4</run_address>
         <size>0x8</size>
         <input_file_ref idref="fl-3e"/>
      </object_component>
      <object_component id="oc-138">
         <name>.data</name>
         <load_address>0x20001acc</load_address>
         <run_address>0x20001acc</run_address>
         <size>0x8</size>
         <input_file_ref idref="fl-2e"/>
      </object_component>
      <object_component id="oc-1c3">
         <name>.data</name>
         <load_address>0x20001a8c</load_address>
         <run_address>0x20001a8c</run_address>
         <size>0x13</size>
         <input_file_ref idref="fl-8"/>
      </object_component>
      <object_component id="oc-1ff">
         <name>.data</name>
         <load_address>0x20001aa0</load_address>
         <run_address>0x20001aa0</run_address>
         <size>0xc</size>
         <input_file_ref idref="fl-37"/>
      </object_component>
      <object_component id="oc-207">
         <name>.data</name>
         <load_address>0x20001a48</load_address>
         <run_address>0x20001a48</run_address>
         <size>0x30</size>
         <input_file_ref idref="fl-12"/>
      </object_component>
      <object_component id="oc-215">
         <name>.data</name>
         <load_address>0x20001ab8</load_address>
         <run_address>0x20001ab8</run_address>
         <size>0x9</size>
         <input_file_ref idref="fl-16"/>
      </object_component>
      <object_component id="oc-25b">
         <name>.data</name>
         <load_address>0x20001aac</load_address>
         <run_address>0x20001aac</run_address>
         <size>0xc</size>
         <input_file_ref idref="fl-15"/>
      </object_component>
      <object_component id="oc-274">
         <name>.data</name>
         <load_address>0x20001adc</load_address>
         <run_address>0x20001adc</run_address>
         <size>0x4</size>
         <input_file_ref idref="fl-18"/>
      </object_component>
      <object_component id="oc-21a">
         <name>.bss:g_sUSBHCD</name>
         <uninitialized>true</uninitialized>
         <run_address>0x20001000</run_address>
         <size>0x5fc</size>
         <input_file_ref idref="fl-12"/>
      </object_component>
      <object_component id="oc-275">
         <name>.bss:g_psUSBDevice</name>
         <uninitialized>true</uninitialized>
         <run_address>0x200015fc</run_address>
         <size>0x54</size>
         <input_file_ref idref="fl-18"/>
      </object_component>
      <object_component id="oc-398">
         <name>.bss:g_pucDataBufferIn</name>
         <uninitialized>true</uninitialized>
         <run_address>0x20001650</run_address>
         <size>0x40</size>
         <input_file_ref idref="fl-18"/>
      </object_component>
      <object_component id="oc-25d">
         <name>.common:g_lUSBHActiveDriver</name>
         <uninitialized>true</uninitialized>
         <run_address>0x20001690</run_address>
         <size>0x18</size>
      </object_component>
      <object_component id="oc-25e">
         <name>.common:g_pvDriverInstance</name>
         <uninitialized>true</uninitialized>
         <run_address>0x200016c0</run_address>
         <size>0x18</size>
      </object_component>
      <object_component id="oc-25a">
         <name>.common:g_ulUSBHIntEvents</name>
         <uninitialized>true</uninitialized>
         <run_address>0x20001704</run_address>
         <size>0x4</size>
      </object_component>
      <object_component id="oc-31a">
         <name>.common:g_pfTickHandlers</name>
         <uninitialized>true</uninitialized>
         <run_address>0x200016a8</run_address>
         <size>0x18</size>
      </object_component>
      <object_component id="oc-31c">
         <name>.common:g_pvTickInstance</name>
         <uninitialized>true</uninitialized>
         <run_address>0x200016d8</run_address>
         <size>0x18</size>
      </object_component>
      <object_component id="oc-218">
         <name>.common:g_pfnUSBModeCallback</name>
         <uninitialized>true</uninitialized>
         <run_address>0x200016f0</run_address>
         <size>0x4</size>
      </object_component>
      <object_component id="oc-217">
         <name>.common:g_ulPollRate</name>
         <uninitialized>true</uninitialized>
         <run_address>0x200016fc</run_address>
         <size>0x4</size>
      </object_component>
      <object_component id="oc-124">
         <name>.common:g_eOTGModeState</name>
         <uninitialized>true</uninitialized>
         <run_address>0x20001714</run_address>
         <size>0x1</size>
      </object_component>
      <object_component id="oc-1cf">
         <name>.common:g_psGrLibDefaults</name>
         <uninitialized>true</uninitialized>
         <run_address>0x200016f4</run_address>
         <size>0x4</size>
      </object_component>
      <object_component id="oc-ff">
         <name>.common:g_ulADCCount$8</name>
         <uninitialized>true</uninitialized>
         <run_address>0x200016f8</run_address>
         <size>0x4</size>
      </object_component>
      <object_component id="oc-97">
         <name>.common:g_ulTickCount</name>
         <uninitialized>true</uninitialized>
         <run_address>0x20001700</run_address>
         <size>0x4</size>
      </object_component>
      <object_component id="oc-fa">
         <name>.common:max1</name>
         <uninitialized>true</uninitialized>
         <run_address>0x2000170c</run_address>
         <size>0x4</size>
      </object_component>
      <object_component id="oc-fb">
         <name>.common:max2</name>
         <uninitialized>true</uninitialized>
         <run_address>0x20001710</run_address>
         <size>0x4</size>
      </object_component>
      <object_component id="oc-fe">
         <name>.common:ind2</name>
         <uninitialized>true</uninitialized>
         <run_address>0x20001708</run_address>
         <size>0x4</size>
      </object_component>
      <object_component id="oc-24">
         <name>.sysmem</name>
         <uninitialized>true</uninitialized>
         <run_address>0x20000000</run_address>
         <size>0x8</size>
         <input_file_ref idref="fl-37"/>
      </object_component>
      <object_component id="oc-48d">
         <name>.sysmem</name>
         <uninitialized>true</uninitialized>
         <run_address>0x20000000</run_address>
         <size>0x0</size>
      </object_component>
      <object_component id="oc-23">
         <name>.stack</name>
         <uninitialized>true</uninitialized>
         <run_address>0x20001718</run_address>
         <size>0x0</size>
         <input_file_ref idref="fl-2a"/>
      </object_component>
      <object_component id="oc-48c">
         <name>.stack</name>
         <uninitialized>true</uninitialized>
         <run_address>0x20001718</run_address>
         <size>0x0</size>
      </object_component>
      <object_component id="oc-f">
         <name>.debug_info</name>
         <load_address>0x0</load_address>
         <run_address>0x0</run_address>
         <size>0xe9</size>
         <input_file_ref idref="fl-4"/>
      </object_component>
      <object_component id="oc-11">
         <name>.debug_info</name>
         <load_address>0xe9</load_address>
         <run_address>0xe9</run_address>
         <size>0xf3</size>
         <input_file_ref idref="fl-2a"/>
      </object_component>
      <object_component id="oc-15">
         <name>.debug_info</name>
         <load_address>0x1dc</load_address>
         <run_address>0x1dc</run_address>
         <size>0x194</size>
         <input_file_ref idref="fl-4e"/>
      </object_component>
      <object_component id="oc-1a">
         <name>.debug_info</name>
         <load_address>0x370</load_address>
         <run_address>0x370</run_address>
         <size>0x16a</size>
         <input_file_ref idref="fl-50"/>
      </object_component>
      <object_component id="oc-1f">
         <name>.debug_info</name>
         <load_address>0x4da</load_address>
         <run_address>0x4da</run_address>
         <size>0x18e</size>
         <input_file_ref idref="fl-4f"/>
      </object_component>
      <object_component id="oc-25">
         <name>.debug_info</name>
         <load_address>0x668</load_address>
         <run_address>0x668</run_address>
         <size>0xca</size>
         <input_file_ref idref="fl-4d"/>
      </object_component>
      <object_component id="oc-27">
         <name>.debug_info</name>
         <load_address>0x732</load_address>
         <run_address>0x732</run_address>
         <size>0x25d</size>
         <input_file_ref idref="fl-4"/>
      </object_component>
      <object_component id="oc-2c">
         <name>.debug_info</name>
         <load_address>0x98f</load_address>
         <run_address>0x98f</run_address>
         <size>0x4aa</size>
         <input_file_ref idref="fl-4d"/>
      </object_component>
      <object_component id="oc-31">
         <name>.debug_info</name>
         <load_address>0xe39</load_address>
         <run_address>0xe39</run_address>
         <size>0x493</size>
         <input_file_ref idref="fl-4d"/>
      </object_component>
      <object_component id="oc-36">
         <name>.debug_info</name>
         <load_address>0x12cc</load_address>
         <run_address>0x12cc</run_address>
         <size>0x2fd</size>
         <input_file_ref idref="fl-16"/>
      </object_component>
      <object_component id="oc-3c">
         <name>.debug_info</name>
         <load_address>0x15c9</load_address>
         <run_address>0x15c9</run_address>
         <size>0x184</size>
         <input_file_ref idref="fl-4"/>
      </object_component>
      <object_component id="oc-3e">
         <name>.debug_info</name>
         <load_address>0x174d</load_address>
         <run_address>0x174d</run_address>
         <size>0x13d</size>
         <input_file_ref idref="fl-42"/>
      </object_component>
      <object_component id="oc-42">
         <name>.debug_info</name>
         <load_address>0x188a</load_address>
         <run_address>0x188a</run_address>
         <size>0x11c</size>
         <input_file_ref idref="fl-40"/>
      </object_component>
      <object_component id="oc-47">
         <name>.debug_info</name>
         <load_address>0x19a6</load_address>
         <run_address>0x19a6</run_address>
         <size>0x1c2</size>
         <input_file_ref idref="fl-2e"/>
      </object_component>
      <object_component id="oc-4c">
         <name>.debug_info</name>
         <load_address>0x1b68</load_address>
         <run_address>0x1b68</run_address>
         <size>0xcc</size>
         <input_file_ref idref="fl-4d"/>
      </object_component>
      <object_component id="oc-4f">
         <name>.debug_info</name>
         <load_address>0x1c34</load_address>
         <run_address>0x1c34</run_address>
         <size>0xcc</size>
         <input_file_ref idref="fl-36"/>
      </object_component>
      <object_component id="oc-53">
         <name>.debug_info</name>
         <load_address>0x1d00</load_address>
         <run_address>0x1d00</run_address>
         <size>0x46</size>
         <input_file_ref idref="fl-4e"/>
      </object_component>
      <object_component id="oc-58">
         <name>.debug_info</name>
         <load_address>0x1d46</load_address>
         <run_address>0x1d46</run_address>
         <size>0xf2</size>
         <input_file_ref idref="fl-4e"/>
      </object_component>
      <object_component id="oc-5a">
         <name>.debug_info</name>
         <load_address>0x1e38</load_address>
         <run_address>0x1e38</run_address>
         <size>0x46</size>
         <input_file_ref idref="fl-4d"/>
      </object_component>
      <object_component id="oc-5f">
         <name>.debug_info</name>
         <load_address>0x1e7e</load_address>
         <run_address>0x1e7e</run_address>
         <size>0xad</size>
         <input_file_ref idref="fl-50"/>
      </object_component>
      <object_component id="oc-61">
         <name>.debug_info</name>
         <load_address>0x1f2b</load_address>
         <run_address>0x1f2b</run_address>
         <size>0x1ef</size>
         <input_file_ref idref="fl-4f"/>
      </object_component>
      <object_component id="oc-66">
         <name>.debug_info</name>
         <load_address>0x211a</load_address>
         <run_address>0x211a</run_address>
         <size>0xb7</size>
         <input_file_ref idref="fl-4f"/>
      </object_component>
      <object_component id="oc-67">
         <name>.debug_info</name>
         <load_address>0x21d1</load_address>
         <run_address>0x21d1</run_address>
         <size>0x39</size>
         <input_file_ref idref="fl-4f"/>
      </object_component>
      <object_component id="oc-6e">
         <name>.debug_info</name>
         <load_address>0x220a</load_address>
         <run_address>0x220a</run_address>
         <size>0x154c</size>
         <input_file_ref idref="fl-4d"/>
      </object_component>
      <object_component id="oc-71">
         <name>.debug_info</name>
         <load_address>0x3756</load_address>
         <run_address>0x3756</run_address>
         <size>0xd5</size>
         <input_file_ref idref="fl-4d"/>
      </object_component>
      <object_component id="oc-74">
         <name>.debug_info</name>
         <load_address>0x382b</load_address>
         <run_address>0x382b</run_address>
         <size>0x1f0</size>
         <input_file_ref idref="fl-24"/>
      </object_component>
      <object_component id="oc-79">
         <name>.debug_info</name>
         <load_address>0x3a1b</load_address>
         <run_address>0x3a1b</run_address>
         <size>0x1ef</size>
         <input_file_ref idref="fl-27"/>
      </object_component>
      <object_component id="oc-7e">
         <name>.debug_info</name>
         <load_address>0x3c0a</load_address>
         <run_address>0x3c0a</run_address>
         <size>0x218</size>
         <input_file_ref idref="fl-27"/>
      </object_component>
      <object_component id="oc-83">
         <name>.debug_info</name>
         <load_address>0x3e22</load_address>
         <run_address>0x3e22</run_address>
         <size>0x21e</size>
         <input_file_ref idref="fl-24"/>
      </object_component>
      <object_component id="oc-88">
         <name>.debug_info</name>
         <load_address>0x4040</load_address>
         <run_address>0x4040</run_address>
         <size>0x317</size>
         <input_file_ref idref="fl-25"/>
      </object_component>
      <object_component id="oc-8d">
         <name>.debug_info</name>
         <load_address>0x4357</load_address>
         <run_address>0x4357</run_address>
         <size>0x1b5</size>
         <input_file_ref idref="fl-25"/>
      </object_component>
      <object_component id="oc-92">
         <name>.debug_info</name>
         <load_address>0x450c</load_address>
         <run_address>0x450c</run_address>
         <size>0x10e</size>
         <input_file_ref idref="fl-4d"/>
      </object_component>
      <object_component id="oc-94">
         <name>.debug_info</name>
         <load_address>0x461a</load_address>
         <run_address>0x461a</run_address>
         <size>0x4ef</size>
         <input_file_ref idref="fl-4d"/>
      </object_component>
      <object_component id="oc-99">
         <name>.debug_info</name>
         <load_address>0x4b09</load_address>
         <run_address>0x4b09</run_address>
         <size>0x84</size>
         <input_file_ref idref="fl-4"/>
      </object_component>
      <object_component id="oc-9f">
         <name>.debug_info</name>
         <load_address>0x4b8d</load_address>
         <run_address>0x4b8d</run_address>
         <size>0x20d</size>
         <input_file_ref idref="fl-29"/>
      </object_component>
      <object_component id="oc-a4">
         <name>.debug_info</name>
         <load_address>0x4d9a</load_address>
         <run_address>0x4d9a</run_address>
         <size>0x228</size>
         <input_file_ref idref="fl-29"/>
      </object_component>
      <object_component id="oc-a9">
         <name>.debug_info</name>
         <load_address>0x4fc2</load_address>
         <run_address>0x4fc2</run_address>
         <size>0x1236</size>
         <input_file_ref idref="fl-4d"/>
      </object_component>
      <object_component id="oc-ae">
         <name>.debug_info</name>
         <load_address>0x61f8</load_address>
         <run_address>0x61f8</run_address>
         <size>0xd3</size>
         <input_file_ref idref="fl-4d"/>
      </object_component>
      <object_component id="oc-b0">
         <name>.debug_info</name>
         <load_address>0x62cb</load_address>
         <run_address>0x62cb</run_address>
         <size>0x1f0</size>
         <input_file_ref idref="fl-20"/>
      </object_component>
      <object_component id="oc-b5">
         <name>.debug_info</name>
         <load_address>0x64bb</load_address>
         <run_address>0x64bb</run_address>
         <size>0x319</size>
         <input_file_ref idref="fl-4d"/>
      </object_component>
      <object_component id="oc-ba">
         <name>.debug_info</name>
         <load_address>0x67d4</load_address>
         <run_address>0x67d4</run_address>
         <size>0x1ff</size>
         <input_file_ref idref="fl-1e"/>
      </object_component>
      <object_component id="oc-bf">
         <name>.debug_info</name>
         <load_address>0x69d3</load_address>
         <run_address>0x69d3</run_address>
         <size>0x10d</size>
         <input_file_ref idref="fl-1c"/>
      </object_component>
      <object_component id="oc-c1">
         <name>.debug_info</name>
         <load_address>0x6ae0</load_address>
         <run_address>0x6ae0</run_address>
         <size>0x204</size>
         <input_file_ref idref="fl-1d"/>
      </object_component>
      <object_component id="oc-c6">
         <name>.debug_info</name>
         <load_address>0x6ce4</load_address>
         <run_address>0x6ce4</run_address>
         <size>0x3a5</size>
         <input_file_ref idref="fl-1d"/>
      </object_component>
      <object_component id="oc-cb">
         <name>.debug_info</name>
         <load_address>0x7089</load_address>
         <run_address>0x7089</run_address>
         <size>0x22f</size>
         <input_file_ref idref="fl-1d"/>
      </object_component>
      <object_component id="oc-d0">
         <name>.debug_info</name>
         <load_address>0x72b8</load_address>
         <run_address>0x72b8</run_address>
         <size>0x263</size>
         <input_file_ref idref="fl-1d"/>
      </object_component>
      <object_component id="oc-d5">
         <name>.debug_info</name>
         <load_address>0x751b</load_address>
         <run_address>0x751b</run_address>
         <size>0x17a</size>
         <input_file_ref idref="fl-4d"/>
      </object_component>
      <object_component id="oc-da">
         <name>.debug_info</name>
         <load_address>0x7695</load_address>
         <run_address>0x7695</run_address>
         <size>0xe1</size>
         <input_file_ref idref="fl-32"/>
      </object_component>
      <object_component id="oc-de">
         <name>.debug_info</name>
         <load_address>0x7776</load_address>
         <run_address>0x7776</run_address>
         <size>0xff</size>
         <input_file_ref idref="fl-2f"/>
      </object_component>
      <object_component id="oc-e2">
         <name>.debug_info</name>
         <load_address>0x7875</load_address>
         <run_address>0x7875</run_address>
         <size>0x351</size>
         <input_file_ref idref="fl-4d"/>
      </object_component>
      <object_component id="oc-ec">
         <name>.debug_info</name>
         <load_address>0x7bc6</load_address>
         <run_address>0x7bc6</run_address>
         <size>0x1fb</size>
         <input_file_ref idref="fl-25"/>
      </object_component>
      <object_component id="oc-f1">
         <name>.debug_info</name>
         <load_address>0x7dc1</load_address>
         <run_address>0x7dc1</run_address>
         <size>0x137</size>
         <input_file_ref idref="fl-3c"/>
      </object_component>
      <object_component id="oc-f5">
         <name>.debug_info</name>
         <load_address>0x7ef8</load_address>
         <run_address>0x7ef8</run_address>
         <size>0x29c</size>
         <input_file_ref idref="fl-4d"/>
      </object_component>
      <object_component id="oc-102">
         <name>.debug_info</name>
         <load_address>0x8194</load_address>
         <run_address>0x8194</run_address>
         <size>0x1e6</size>
         <input_file_ref idref="fl-22"/>
      </object_component>
      <object_component id="oc-107">
         <name>.debug_info</name>
         <load_address>0x837a</load_address>
         <run_address>0x837a</run_address>
         <size>0x1d7</size>
         <input_file_ref idref="fl-12"/>
      </object_component>
      <object_component id="oc-10c">
         <name>.debug_info</name>
         <load_address>0x8551</load_address>
         <run_address>0x8551</run_address>
         <size>0x1bb</size>
         <input_file_ref idref="fl-22"/>
      </object_component>
      <object_component id="oc-111">
         <name>.debug_info</name>
         <load_address>0x870c</load_address>
         <run_address>0x870c</run_address>
         <size>0x1fb</size>
         <input_file_ref idref="fl-16"/>
      </object_component>
      <object_component id="oc-116">
         <name>.debug_info</name>
         <load_address>0x8907</load_address>
         <run_address>0x8907</run_address>
         <size>0x240</size>
         <input_file_ref idref="fl-12"/>
      </object_component>
      <object_component id="oc-11b">
         <name>.debug_info</name>
         <load_address>0x8b47</load_address>
         <run_address>0x8b47</run_address>
         <size>0x524</size>
         <input_file_ref idref="fl-12"/>
      </object_component>
      <object_component id="oc-120">
         <name>.debug_info</name>
         <load_address>0x906b</load_address>
         <run_address>0x906b</run_address>
         <size>0x352</size>
         <input_file_ref idref="fl-18"/>
      </object_component>
      <object_component id="oc-125">
         <name>.debug_info</name>
         <load_address>0x93bd</load_address>
         <run_address>0x93bd</run_address>
         <size>0x92e</size>
         <input_file_ref idref="fl-16"/>
      </object_component>
      <object_component id="oc-127">
         <name>.debug_info</name>
         <load_address>0x9ceb</load_address>
         <run_address>0x9ceb</run_address>
         <size>0xa58</size>
         <input_file_ref idref="fl-12"/>
      </object_component>
      <object_component id="oc-12f">
         <name>.debug_info</name>
         <load_address>0xa743</load_address>
         <run_address>0xa743</run_address>
         <size>0x14b</size>
         <input_file_ref idref="fl-43"/>
      </object_component>
      <object_component id="oc-135">
         <name>.debug_info</name>
         <load_address>0xa88e</load_address>
         <run_address>0xa88e</run_address>
         <size>0x11b</size>
         <input_file_ref idref="fl-40"/>
      </object_component>
      <object_component id="oc-137">
         <name>.debug_info</name>
         <load_address>0xa9a9</load_address>
         <run_address>0xa9a9</run_address>
         <size>0xdd</size>
         <input_file_ref idref="fl-4d"/>
      </object_component>
      <object_component id="oc-139">
         <name>.debug_info</name>
         <load_address>0xaa86</load_address>
         <run_address>0xaa86</run_address>
         <size>0xeb</size>
         <input_file_ref idref="fl-2e"/>
      </object_component>
      <object_component id="oc-13b">
         <name>.debug_info</name>
         <load_address>0xab71</load_address>
         <run_address>0xab71</run_address>
         <size>0x146</size>
         <input_file_ref idref="fl-2e"/>
      </object_component>
      <object_component id="oc-13f">
         <name>.debug_info</name>
         <load_address>0xacb7</load_address>
         <run_address>0xacb7</run_address>
         <size>0x2c</size>
         <input_file_ref idref="fl-4e"/>
      </object_component>
      <object_component id="oc-146">
         <name>.debug_info</name>
         <load_address>0xace3</load_address>
         <run_address>0xace3</run_address>
         <size>0x2c</size>
         <input_file_ref idref="fl-43"/>
      </object_component>
      <object_component id="oc-152">
         <name>.debug_info</name>
         <load_address>0xad0f</load_address>
         <run_address>0xad0f</run_address>
         <size>0x21f</size>
         <input_file_ref idref="fl-12"/>
      </object_component>
      <object_component id="oc-157">
         <name>.debug_info</name>
         <load_address>0xaf2e</load_address>
         <run_address>0xaf2e</run_address>
         <size>0x56</size>
         <input_file_ref idref="fl-4d"/>
      </object_component>
      <object_component id="oc-15b">
         <name>.debug_info</name>
         <load_address>0xaf84</load_address>
         <run_address>0xaf84</run_address>
         <size>0x172</size>
         <input_file_ref idref="fl-12"/>
      </object_component>
      <object_component id="oc-160">
         <name>.debug_info</name>
         <load_address>0xb0f6</load_address>
         <run_address>0xb0f6</run_address>
         <size>0x86</size>
         <input_file_ref idref="fl-12"/>
      </object_component>
      <object_component id="oc-165">
         <name>.debug_info</name>
         <load_address>0xb17c</load_address>
         <run_address>0xb17c</run_address>
         <size>0x6bb</size>
         <input_file_ref idref="fl-1c"/>
      </object_component>
      <object_component id="oc-16a">
         <name>.debug_info</name>
         <load_address>0xb837</load_address>
         <run_address>0xb837</run_address>
         <size>0x86</size>
         <input_file_ref idref="fl-4d"/>
      </object_component>
      <object_component id="oc-16f">
         <name>.debug_info</name>
         <load_address>0xb8bd</load_address>
         <run_address>0xb8bd</run_address>
         <size>0x442</size>
         <input_file_ref idref="fl-4d"/>
      </object_component>
      <object_component id="oc-174">
         <name>.debug_info</name>
         <load_address>0xbcff</load_address>
         <run_address>0xbcff</run_address>
         <size>0xc6</size>
         <input_file_ref idref="fl-4d"/>
      </object_component>
      <object_component id="oc-179">
         <name>.debug_info</name>
         <load_address>0xbdc5</load_address>
         <run_address>0xbdc5</run_address>
         <size>0x2c</size>
         <input_file_ref idref="fl-4d"/>
      </object_component>
      <object_component id="oc-17e">
         <name>.debug_info</name>
         <load_address>0xbdf1</load_address>
         <run_address>0xbdf1</run_address>
         <size>0xd7</size>
         <input_file_ref idref="fl-4d"/>
      </object_component>
      <object_component id="oc-183">
         <name>.debug_info</name>
         <load_address>0xbec8</load_address>
         <run_address>0xbec8</run_address>
         <size>0x2c</size>
         <input_file_ref idref="fl-12"/>
      </object_component>
      <object_component id="oc-188">
         <name>.debug_info</name>
         <load_address>0xbef4</load_address>
         <run_address>0xbef4</run_address>
         <size>0x4e</size>
         <input_file_ref idref="fl-4d"/>
      </object_component>
      <object_component id="oc-18d">
         <name>.debug_info</name>
         <load_address>0xbf42</load_address>
         <run_address>0xbf42</run_address>
         <size>0x69</size>
         <input_file_ref idref="fl-4d"/>
      </object_component>
      <object_component id="oc-192">
         <name>.debug_info</name>
         <load_address>0xbfab</load_address>
         <run_address>0xbfab</run_address>
         <size>0x62</size>
         <input_file_ref idref="fl-4d"/>
      </object_component>
      <object_component id="oc-197">
         <name>.debug_info</name>
         <load_address>0xc00d</load_address>
         <run_address>0xc00d</run_address>
         <size>0x86</size>
         <input_file_ref idref="fl-4d"/>
      </object_component>
      <object_component id="oc-19c">
         <name>.debug_info</name>
         <load_address>0xc093</load_address>
         <run_address>0xc093</run_address>
         <size>0x2c</size>
         <input_file_ref idref="fl-13"/>
      </object_component>
      <object_component id="oc-1a4">
         <name>.debug_info</name>
         <load_address>0xc0bf</load_address>
         <run_address>0xc0bf</run_address>
         <size>0x1b4</size>
         <input_file_ref idref="fl-24"/>
      </object_component>
      <object_component id="oc-1a6">
         <name>.debug_info</name>
         <load_address>0xc273</load_address>
         <run_address>0xc273</run_address>
         <size>0x2b7</size>
         <input_file_ref idref="fl-24"/>
      </object_component>
      <object_component id="oc-1a8">
         <name>.debug_info</name>
         <load_address>0xc52a</load_address>
         <run_address>0xc52a</run_address>
         <size>0x118</size>
         <input_file_ref idref="fl-27"/>
      </object_component>
      <object_component id="oc-1aa">
         <name>.debug_info</name>
         <load_address>0xc642</load_address>
         <run_address>0xc642</run_address>
         <size>0x1c2</size>
         <input_file_ref idref="fl-27"/>
      </object_component>
      <object_component id="oc-1ac">
         <name>.debug_info</name>
         <load_address>0xc804</load_address>
         <run_address>0xc804</run_address>
         <size>0x21a</size>
         <input_file_ref idref="fl-27"/>
      </object_component>
      <object_component id="oc-1b1">
         <name>.debug_info</name>
         <load_address>0xca1e</load_address>
         <run_address>0xca1e</run_address>
         <size>0x260</size>
         <input_file_ref idref="fl-27"/>
      </object_component>
      <object_component id="oc-1b7">
         <name>.debug_info</name>
         <load_address>0xcc7e</load_address>
         <run_address>0xcc7e</run_address>
         <size>0x10a</size>
         <input_file_ref idref="fl-24"/>
      </object_component>
      <object_component id="oc-1ba">
         <name>.debug_info</name>
         <load_address>0xcd88</load_address>
         <run_address>0xcd88</run_address>
         <size>0x1cc</size>
         <input_file_ref idref="fl-25"/>
      </object_component>
      <object_component id="oc-1c1">
         <name>.debug_info</name>
         <load_address>0xcf54</load_address>
         <run_address>0xcf54</run_address>
         <size>0x1f1</size>
         <input_file_ref idref="fl-29"/>
      </object_component>
      <object_component id="oc-1c4">
         <name>.debug_info</name>
         <load_address>0xd145</load_address>
         <run_address>0xd145</run_address>
         <size>0xe3</size>
         <input_file_ref idref="fl-4d"/>
      </object_component>
      <object_component id="oc-1c9">
         <name>.debug_info</name>
         <load_address>0xd228</load_address>
         <run_address>0xd228</run_address>
         <size>0x408</size>
         <input_file_ref idref="fl-1d"/>
[...]
      </symbol>
      <symbol id="sm-4e4">
         <name>USBOTGMode</name>
         <value>0x4fb1</value>
         <object_component_ref idref="oc-223"/>
      </symbol>
      <symbol id="sm-4e5">
         <name>USBEndpointDataGet</name>
         <value>0x4745</value>
         <object_component_ref idref="oc-24b"/>
      </symbol>
      <symbol id="sm-4e6">
         <name>USBDevEndpointStatusClear</name>
         <value>0x41ed</value>
         <object_component_ref idref="oc-334"/>
      </symbol>
      <symbol id="sm-4e7">
         <name>USBModeGet</name>
         <value>0x4f9f</value>
         <object_component_ref idref="oc-10b"/>
      </symbol>
      <symbol id="sm-4e8">
         <name>USBHostPwrDisable</name>
         <value>0x4f41</value>
         <object_component_ref idref="oc-250"/>
      </symbol>
      <symbol id="sm-4e9">
         <name>USBHostEndpointStatusClear</name>
         <value>0x4ccd</value>
         <object_component_ref idref="oc-246"/>
      </symbol>
      <symbol id="sm-4ea">
         <name>USBHostSuspend</name>
         <value>0x4f8b</value>
         <object_component_ref idref="oc-306"/>
      </symbol>
      <symbol id="sm-4eb">
         <name>USBFIFOConfigSet</name>
         <value>0x4909</value>
         <object_component_ref idref="oc-436"/>
      </symbol>
      <symbol id="sm-4ec">
         <name>USBEndpointDataSend</name>
         <value>0x4b47</value>
         <object_component_ref idref="oc-23c"/>
      </symbol>
      <symbol id="sm-4ed">
         <name>USBIntStatusEndpoint</name>
         <value>0x4f95</value>
         <object_component_ref idref="oc-22d"/>
      </symbol>
      <symbol id="sm-4ee">
         <name>USBHostPwrEnable</name>
         <value>0x4f4f</value>
         <object_component_ref idref="oc-21e"/>
      </symbol>
      <symbol id="sm-4ef">
         <name>USBHostEndpointDataAck</name>
         <value>0x4d89</value>
         <object_component_ref idref="oc-237"/>
      </symbol>
      <symbol id="sm-4f0">
         <name>USBEndpointStatus</name>
         <value>0x4f03</value>
         <object_component_ref idref="oc-241"/>
      </symbol>
      <symbol id="sm-4f1">
         <name>USBDevEndpointStall</name>
         <value>0x4a87</value>
         <object_component_ref idref="oc-3ab"/>
      </symbol>
      <symbol id="sm-4f2">
         <name>USBDevEndpointConfigSet</name>
         <value>0x3ea1</value>
         <object_component_ref idref="oc-42c"/>
      </symbol>
      <symbol id="sm-4f3">
         <name>USBHostResume</name>
         <value>0x4e95</value>
         <object_component_ref idref="oc-32e"/>
      </symbol>
      <symbol id="sm-501">
         <name>uDMAChannelModeGet</name>
         <value>0x4cf5</value>
         <object_component_ref idref="oc-232"/>
      </symbol>
      <symbol id="sm-552">
         <name>SysCtlPeripheralEnable</name>
         <value>0x42a9</value>
         <object_component_ref idref="oc-73"/>
      </symbol>
      <symbol id="sm-553">
         <name>SysCtlClockGet</name>
         <value>0x28f5</value>
         <object_component_ref idref="oc-82"/>
      </symbol>
      <symbol id="sm-56f">
         <name>SSIDataPutNonBlocking</name>
         <value>0x4f33</value>
         <object_component_ref idref="oc-eb"/>
      </symbol>
      <symbol id="sm-570">
         <name>SSIConfigSetExpClk</name>
         <value>0x4811</value>
         <object_component_ref idref="oc-87"/>
      </symbol>
      <symbol id="sm-571">
         <name>SSIEnable</name>
         <value>0x4f77</value>
         <object_component_ref idref="oc-8c"/>
      </symbol>
      <symbol id="sm-596">
         <name>IntDisable</name>
         <value>0x4055</value>
         <object_component_ref idref="oc-255"/>
      </symbol>
      <symbol id="sm-5c1">
         <name>GPIOPinConfigure</name>
         <value>0x45e1</value>
         <object_component_ref idref="oc-78"/>
      </symbol>
      <symbol id="sm-5c2">
         <name>GPIODirModeSet</name>
         <value>0x4c29</value>
         <object_component_ref idref="oc-1ab"/>
      </symbol>
      <symbol id="sm-5c3">
         <name>GPIOPadConfigSet</name>
         <value>0x36cd</value>
         <object_component_ref idref="oc-1b0"/>
      </symbol>
      <symbol id="sm-5c4">
         <name>GPIOPinTypeSSI</name>
         <value>0x4ecf</value>
         <object_component_ref idref="oc-7d"/>
      </symbol>
      <symbol id="sm-5da">
         <name>ADCHardwareOversampleConfigure</name>
         <value>0x4ebd</value>
         <object_component_ref idref="oc-a3"/>
      </symbol>
      <symbol id="sm-5db">
         <name>ADCSequenceDisable</name>
         <value>0x4f25</value>
         <object_component_ref idref="oc-9e"/>
      </symbol>
      <symbol id="sm-5ea">
         <name>_c_int00</name>
         <value>0x4671</value>
         <object_component_ref idref="oc-10"/>
      </symbol>
      <symbol id="sm-5eb">
         <name>__stack</name>
         <value>0x20001718</value>
         <object_component_ref idref="oc-23"/>
      </symbol>
      <symbol id="sm-607">
         <name>C$$EXIT</name>
         <value>0x47cd</value>
         <object_component_ref idref="oc-46"/>
      </symbol>
      <symbol id="sm-608">
         <name>abort</name>
         <value>0x47d1</value>
         <object_component_ref idref="oc-46"/>
      </symbol>
      <symbol id="sm-609">
         <name>exit</name>
         <value>0x47d9</value>
         <object_component_ref idref="oc-46"/>
      </symbol>
      <symbol id="sm-60a">
         <name>__TI_dtors_ptr</name>
         <value>0x20001ad0</value>
         <object_component_ref idref="oc-138"/>
      </symbol>
      <symbol id="sm-60b">
         <name>__TI_cleanup_ptr</name>
         <value>0x20001acc</value>
         <object_component_ref idref="oc-138"/>
      </symbol>
      <symbol id="sm-621">
         <name>__aeabi_dsub</name>
         <value>0x2abd</value>
         <object_component_ref idref="oc-dd"/>
      </symbol>
      <symbol id="sm-622">
         <name>__aeabi_dadd</name>
         <value>0x2ac7</value>
         <object_component_ref idref="oc-dd"/>
      </symbol>
      <symbol id="sm-635">
         <name>__aeabi_ddiv</name>
         <value>0x30b5</value>
         <object_component_ref idref="oc-2cd"/>
      </symbol>
      <symbol id="sm-63f">
         <name>__aeabi_dmul</name>
         <value>0x31eb</value>
         <object_component_ref idref="oc-2c9"/>
      </symbol>
      <symbol id="sm-648">
         <name>__aeabi_d2iz</name>
         <value>0x46b9</value>
         <object_component_ref idref="oc-d9"/>
      </symbol>
      <symbol id="sm-652">
         <name>__aeabi_i2d</name>
         <value>0x4b75</value>
         <object_component_ref idref="oc-2da"/>
      </symbol>
      <symbol id="sm-66c">
         <name>memcpy</name>
         <value>0x397d</value>
         <object_component_ref idref="oc-4e"/>
      </symbol>
      <symbol id="sm-66d">
         <name>__aeabi_memcpy</name>
         <value>0x397d</value>
         <object_component_ref idref="oc-4e"/>
      </symbol>
      <symbol id="sm-66e">
         <name>__aeabi_memcpy8</name>
         <value>0x397d</value>
         <object_component_ref idref="oc-4e"/>
      </symbol>
      <symbol id="sm-66f">
         <name>__aeabi_memcpy4</name>
         <value>0x397d</value>
         <object_component_ref idref="oc-4e"/>
      </symbol>
      <symbol id="sm-67d">
         <name>__aeabi_memset</name>
         <value>0x3db7</value>
         <object_component_ref idref="oc-2bb"/>
      </symbol>
      <symbol id="sm-67e">
         <name>memset</name>
         <value>0x3dbd</value>
         <object_component_ref idref="oc-2bb"/>
      </symbol>
      <symbol id="sm-67f">
         <name>__aeabi_memset8</name>
         <value>0x3db7</value>
         <object_component_ref idref="oc-2bb"/>
      </symbol>
      <symbol id="sm-680">
         <name>__aeabi_memset4</name>
         <value>0x3db7</value>
         <object_component_ref idref="oc-2bb"/>
      </symbol>
      <symbol id="sm-681">
         <name>__aeabi_memclr8</name>
         <value>0x3db5</value>
         <object_component_ref idref="oc-2bb"/>
      </symbol>
      <symbol id="sm-682">
         <name>__aeabi_memclr4</name>
         <value>0x3db5</value>
         <object_component_ref idref="oc-2bb"/>
      </symbol>
      <symbol id="sm-683">
         <name>__aeabi_memclr</name>
         <value>0x3db5</value>
         <object_component_ref idref="oc-2bb"/>
      </symbol>
      <symbol id="sm-692">
         <name>__aeabi_uidivmod</name>
         <value>0x4853</value>
         <object_component_ref idref="oc-f0"/>
      </symbol>
      <symbol id="sm-6a6">
         <name>_args_main</name>
         <value>0x4e65</value>
         <object_component_ref idref="oc-41"/>
      </symbol>
      <symbol id="sm-6c2">
         <name>__TI_auto_init</name>
         <value>0x3a19</value>
         <object_component_ref idref="oc-3d"/>
      </symbol>
      <symbol id="sm-6df">
         <name>copy_in</name>
         <value>0x4789</value>
         <object_component_ref idref="oc-12e"/>
      </symbol>
      <symbol id="sm-6ff">
         <name>__aeabi_cdcmpeq</name>
         <value>0x3c3d</value>
         <object_component_ref idref="oc-1f8"/>
      </symbol>
      <symbol id="sm-700">
         <name>__aeabi_cdcmple</name>
         <value>0x3c3d</value>
         <object_component_ref idref="oc-1f8"/>
      </symbol>
      <symbol id="sm-701">
         <name>__aeabi_cdrcmple</name>
         <value>0x3cbb</value>
         <object_component_ref idref="oc-2d1"/>
      </symbol>
      <symbol id="sm-709">
         <name>__aeabi_lmul</name>
         <value>0x4e7d</value>
         <object_component_ref idref="oc-2c3"/>
      </symbol>
      <symbol id="sm-724">
         <name>__aeabi_uldivmod</name>
         <value>0x2701</value>
         <object_component_ref idref="oc-2bf"/>
      </symbol>
      <symbol id="sm-98a">
         <name>g_ulTickCount</name>
         <value>0x20001700</value>
      </symbol>
      <symbol id="sm-98b">
         <name>max1</name>
         <value>0x2000170c</value>
      </symbol>
      <symbol id="sm-98c">
         <name>max2</name>
         <value>0x20001710</value>
      </symbol>
      <symbol id="sm-98d">
         <name>ind2</name>
         <value>0x20001708</value>
      </symbol>
      <symbol id="sm-98e">
         <name>snprintf</name>
         <value>0x392d</value>
         <object_component_ref idref="oc-b4"/>
      </symbol>
      <symbol id="sm-98f">
         <name>buffer</name>
         <value>0x2000198c</value>
         <object_component_ref idref="oc-93"/>
      </symbol>
      <symbol id="sm-990">
         <name>_sys_memory</name>
         <value>0x20000000</value>
         <object_component_ref idref="oc-24"/>
      </symbol>
      <symbol id="sm-991">
         <name>SysTickIntHandler</name>
         <value>0x21b7</value>
         <object_component_ref idref="oc-2b"/>
      </symbol>
      <symbol id="sm-992">
         <name>AcquireInit</name>
         <value>0x18dd</value>
         <object_component_ref idref="oc-30"/>
      </symbol>
      <symbol id="sm-993">
         <name>_ctypes_</name>
         <value>0x5527</value>
         <object_component_ref idref="oc-2c7"/>
      </symbol>
      <symbol id="sm-994">
         <name>g_ulADCSeq</name>
         <value>0x2000193c</value>
         <object_component_ref idref="oc-93"/>
      </symbol>
      <symbol id="sm-995">
         <name>__TI_printfi</name>
         <value>0x1113</value>
         <object_component_ref idref="oc-1d2"/>
      </symbol>
      <symbol id="sm-996">
         <name>sprintf</name>
         <value>0x41af</value>
         <object_component_ref idref="oc-f4"/>
      </symbol>
      <symbol id="sm-997">
         <name>led_on</name>
         <value>0x1dd1</value>
         <object_component_ref idref="oc-2b"/>
      </symbol>
      <symbol id="sm-998">
         <name>PULSE_SAMPLE</name>
         <value>0x20001950</value>
         <object_component_ref idref="oc-93"/>
      </symbol>
      <symbol id="sm-999">
         <name>ADC0SS0Handler</name>
         <value>0x1d69</value>
         <object_component_ref idref="oc-30"/>
      </symbol>
      <symbol id="sm-99a">
         <name>res1</name>
         <value>0x20001938</value>
         <object_component_ref idref="oc-93"/>
      </symbol>
      <symbol id="sm-99b">
         <name>_nop</name>
         <value>0x21c7</value>
         <object_component_ref idref="oc-28e"/>
      </symbol>
      <symbol id="sm-99c">
         <name>floor</name>
         <value>0x3551</value>
         <object_component_ref idref="oc-d4"/>
      </symbol>
      <symbol id="sm-99d">
         <name>ltoa</name>
         <value>0x435f</value>
         <object_component_ref idref="oc-2d5"/>
      </symbol>
      <symbol id="sm-99e">
         <name>g_ulADCData</name>
         <value>0x20001994</value>
         <object_component_ref idref="oc-93"/>
      </symbol>
      <symbol id="sm-99f">
         <name>sRect2</name>
         <value>0x200019a4</value>
         <object_component_ref idref="oc-93"/>
      </symbol>
      <symbol id="sm-9a0">
         <name>sRect1</name>
         <value>0x2000199c</value>
         <object_component_ref idref="oc-93"/>
      </symbol>
      <symbol id="sm-9a1">
         <name>k</name>
         <value>0x20001924</value>
         <object_component_ref idref="oc-93"/>
      </symbol>
      <symbol id="sm-9a2">
         <name>j</name>
         <value>0x20001980</value>
         <object_component_ref idref="oc-93"/>
      </symbol>
      <symbol id="sm-9a3">
         <name>i</name>
         <value>0x2000197c</value>
         <object_component_ref idref="oc-93"/>
      </symbol>
      <symbol id="sm-9a4">
         <name>result</name>
         <value>0x20001968</value>
         <object_component_ref idref="oc-93"/>
      </symbol>
      <symbol id="sm-9a5">
         <name>distance</name>
         <value>0x20001918</value>
         <object_component_ref idref="oc-93"/>
      </symbol>
      <symbol id="sm-9a6">
         <name>res</name>
         <value>0x20001934</value>
         <object_component_ref idref="oc-93"/>
      </symbol>
      <symbol id="sm-9a7">
         <name>rem</name>
         <value>0x20001960</value>
         <object_component_ref idref="oc-93"/>
      </symbol>
      <symbol id="sm-9a8">
         <name>buffer_size</name>
         <value>0x20001958</value>
         <object_component_ref idref="oc-93"/>
      </symbol>
      <symbol id="sm-9a9">
         <name>g_sCFAL96x64x16</name>
         <value>0x58b8</value>
         <object_component_ref idref="oc-ad"/>
      </symbol>
      <symbol id="sm-9aa">
         <name>main</name>
         <value>0x21b3</value>
         <object_component_ref idref="oc-2b"/>
      </symbol>
      <symbol id="sm-9ab">
         <name>sDisplayContext</name>
         <value>0x200019b8</value>
         <object_component_ref idref="oc-93"/>
      </symbol>
      <symbol id="sm-9ac">
         <name>_lock</name>
         <value>0x20001ac4</value>
         <object_component_ref idref="oc-136"/>
      </symbol>
      <symbol id="sm-9ad">
         <name>lambda</name>
         <value>0x2000191c</value>
         <object_component_ref idref="oc-93"/>
      </symbol>
      <symbol id="sm-9ae">
         <name>filter</name>
         <value>0x20001964</value>
         <object_component_ref idref="oc-93"/>
      </symbol>
      <symbol id="sm-9af">
         <name>findex</name>
         <value>0x20001930</value>
         <object_component_ref idref="oc-93"/>
      </symbol>
      <symbol id="sm-9b0">
         <name>result_size</name>
         <value>0x2000195c</value>
         <object_component_ref idref="oc-93"/>
      </symbol>
      <symbol id="sm-9b1">
         <name>rindex</name>
         <value>0x2000192c</value>
         <object_component_ref idref="oc-93"/>
      </symbol>
      <symbol id="sm-9b2">
         <name>_unlock</name>
         <value>0x20001ac8</value>
         <object_component_ref idref="oc-136"/>
      </symbol>
      <symbol id="sm-9b3">
         <name>init</name>
         <value>0x1e09</value>
         <object_component_ref idref="oc-2b"/>
      </symbol>
      <symbol id="sm-9b4">
         <name>maxi1</name>
         <value>0x20001970</value>
         <object_component_ref idref="oc-93"/>
      </symbol>
      <symbol id="sm-9b5">
         <name>maxi2</name>
         <value>0x20001974</value>
         <object_component_ref idref="oc-93"/>
      </symbol>
      <symbol id="sm-9b6">
         <name>CFAL96x64x16Init</name>
         <value>0x1737</value>
         <object_component_ref idref="oc-a8"/>
      </symbol>
      <symbol id="sm-9b7">
         <name>buffer_index</name>
         <value>0x20001978</value>
         <object_component_ref idref="oc-93"/>
      </symbol>
      <symbol id="sm-9b8">
         <name>runmode</name>
         <value>0x20001a7c</value>
         <object_component_ref idref="oc-91"/>
      </symbol>
      <symbol id="sm-9b9">
         <name>mode1</name>
         <value>0x2000196c</value>
         <object_component_ref idref="oc-93"/>
      </symbol>
      <symbol id="sm-9ba">
         <name>main_func_sp</name>
         <value>0x20001ad8</value>
         <object_component_ref idref="oc-4b"/>
      </symbol>
      <symbol id="sm-9bb">
         <name>malloc</name>
         <value>0x2cff</value>
         <object_component_ref idref="oc-e1"/>
      </symbol>
      <symbol id="sm-9bc">
         <name>mode</name>
         <value>0x20001a78</value>
         <object_component_ref idref="oc-91"/>
      </symbol>
      <symbol id="sm-9bd">
         <name>AcquireRun</name>
         <value>0x1b9b</value>
         <object_component_ref idref="oc-30"/>
      </symbol>
      <symbol id="sm-9be">
         <name>buffer_increment</name>
         <value>0x20001954</value>
         <object_component_ref idref="oc-93"/>
      </symbol>
      <symbol id="sm-9bf">
         <name>led_off</name>
         <value>0x1ded</value>
         <object_component_ref idref="oc-2b"/>
      </symbol>
      <symbol id="sm-9c0">
         <name>g_eCurrentUSBMode</name>
         <value>0x20001a80</value>
         <object_component_ref idref="oc-91"/>
      </symbol>
      <symbol id="sm-9c1">
         <name>ulDataTx</name>
         <value>0x200019ac</value>
         <object_component_ref idref="oc-93"/>
      </symbol>
      <symbol id="sm-9c2">
         <name>rcount</name>
         <value>0x20001928</value>
         <object_component_ref idref="oc-93"/>
      </symbol>
      <symbol id="sm-9c3">
         <name>minit</name>
         <value>0x2c75</value>
         <object_component_ref idref="oc-e1"/>
      </symbol>
      <symbol id="sm-9c4">
         <name>acount</name>
         <value>0x20001920</value>
         <object_component_ref idref="oc-93"/>
      </symbol>
      <symbol id="sm-9c5">
         <name>FILTER_SAMPLE</name>
         <value>0x2000194c</value>
         <object_component_ref idref="oc-93"/>
      </symbol>
      <symbol id="sm-9db">
         <name>__TI_decompress_none</name>
         <value>0x4f5d</value>
         <object_component_ref idref="oc-14"/>
      </symbol>
      <symbol id="sm-9fd">
         <name>__TI_decompress_rle24</name>
         <value>0x4fbf</value>
         <object_component_ref idref="oc-1e"/>
      </symbol>
      <symbol id="sm-a0b">
         <name>__TI_zero_init</name>
         <value>0x4ee1</value>
         <object_component_ref idref="oc-19"/>
      </symbol>
      <symbol id="sm-a0c">
         <name>__TI_static_base__</name>
         <value>0x0</value>
      </symbol>
      <symbol id="sm-a0d">
         <name>__TI_args_main</name>
         <value>0x1</value>
      </symbol>
      <symbol id="sm-a0e">
         <name>SHT$$INIT_ARRAY$$Limit</name>
         <value>0x0</value>
      </symbol>
      <symbol id="sm-a0f">
         <name>SHT$$INIT_ARRAY$$Base</name>
         <value>0x0</value>
      </symbol>
   </symbol_table>
   <title>Link successful</title>
</link_info>
